Component: ARM Compiler 5.06 update 6 (build 750) Tool: armlink [4d35ed]

==============================================================================

Section Cross References

    main.o(i.adc_config) refers to nrf_drv_adc.o(i.nrf_drv_adc_init) for nrf_drv_adc_init
    main.o(i.adc_config) refers to app_error.o(i.app_error_handler_bare) for app_error_handler_bare
    main.o(i.adc_config) refers to nrf_drv_adc.o(i.nrf_drv_adc_channel_enable) for nrf_drv_adc_channel_enable
    main.o(i.adc_config) refers to main.o(.constdata) for .constdata
    main.o(i.adc_config) refers to main.o(i.adc_event_handler) for adc_event_handler
    main.o(i.adc_config) refers to main.o(.data) for .data
    main.o(i.adc_event_handler) refers to printf1.o(i.__0printf$1) for __2printf
    main.o(i.adc_event_handler) refers to uidiv.o(.text) for __aeabi_uidivmod
    main.o(i.adc_event_handler) refers to ble_nus.o(i.ble_nus_string_send) for ble_nus_string_send
    main.o(i.adc_event_handler) refers to main.o(.data) for .data
    main.o(i.adc_event_handler) refers to main.o(.bss) for .bss
    main.o(i.assert_nrf_callback) refers to app_error.o(i.app_error_handler) for app_error_handler
    main.o(i.ble_evt_dispatch) refers to ble_conn_params.o(i.ble_conn_params_on_ble_evt) for ble_conn_params_on_ble_evt
    main.o(i.ble_evt_dispatch) refers to ble_nus.o(i.ble_nus_on_ble_evt) for ble_nus_on_ble_evt
    main.o(i.ble_evt_dispatch) refers to main.o(i.on_ble_evt) for on_ble_evt
    main.o(i.ble_evt_dispatch) refers to ble_advertising.o(i.ble_advertising_on_ble_evt) for ble_advertising_on_ble_evt
    main.o(i.ble_evt_dispatch) refers to bsp_btn_ble.o(i.bsp_btn_ble_on_ble_evt) for bsp_btn_ble_on_ble_evt
    main.o(i.ble_evt_dispatch) refers to main.o(.bss) for .bss
    main.o(i.bsp_event_handler) refers to ble_advertising.o(i.ble_advertising_restart_without_whitelist) for ble_advertising_restart_without_whitelist
    main.o(i.bsp_event_handler) refers to app_error.o(i.app_error_handler_bare) for app_error_handler_bare
    main.o(i.bsp_event_handler) refers to main.o(i.sleep_mode_enter) for sleep_mode_enter
    main.o(i.bsp_event_handler) refers to main.o(.data) for .data
    main.o(i.conn_params_error_handler) refers to app_error.o(i.app_error_handler_bare) for app_error_handler_bare
    main.o(i.main) refers to app_timer.o(i.app_timer_init) for app_timer_init
    main.o(i.main) refers to app_error.o(i.app_error_handler_bare) for app_error_handler_bare
    main.o(i.main) refers to memcpya.o(.text) for __aeabi_memcpy4
    main.o(i.main) refers to app_uart_fifo.o(i.app_uart_init) for app_uart_init
    main.o(i.main) refers to bsp.o(i.bsp_init) for bsp_init
    main.o(i.main) refers to bsp_btn_ble.o(i.bsp_btn_ble_init) for bsp_btn_ble_init
    main.o(i.main) refers to softdevice_handler.o(i.softdevice_handler_init) for softdevice_handler_init
    main.o(i.main) refers to softdevice_handler.o(i.softdevice_enable_get_default_config) for softdevice_enable_get_default_config
    main.o(i.main) refers to softdevice_handler.o(i.softdevice_enable) for softdevice_enable
    main.o(i.main) refers to softdevice_handler.o(i.softdevice_ble_evt_handler_set) for softdevice_ble_evt_handler_set
    main.o(i.main) refers to ble_nus.o(i.ble_nus_init) for ble_nus_init
    main.o(i.main) refers to memseta.o(.text) for __aeabi_memclr4
    main.o(i.main) refers to ble_advertising.o(i.ble_advertising_init) for ble_advertising_init
    main.o(i.main) refers to ble_conn_params.o(i.ble_conn_params_init) for ble_conn_params_init
    main.o(i.main) refers to printf1.o(i.__0printf$1) for __2printf
    main.o(i.main) refers to ble_advertising.o(i.ble_advertising_start) for ble_advertising_start
    main.o(i.main) refers to main.o(i.adc_config) for adc_config
    main.o(i.main) refers to nrf_drv_adc.o(i.nrf_drv_adc_buffer_convert) for nrf_drv_adc_buffer_convert
    main.o(i.main) refers to nrf_drv_adc.o(i.nrf_drv_adc_sample) for nrf_drv_adc_sample
    main.o(i.main) refers to main.o(.bss) for .bss
    main.o(i.main) refers to main.o(.constdata) for .constdata
    main.o(i.main) refers to main.o(i.uart_event_handle) for uart_event_handle
    main.o(i.main) refers to main.o(i.bsp_event_handler) for bsp_event_handler
    main.o(i.main) refers to main.o(i.ble_evt_dispatch) for ble_evt_dispatch
    main.o(i.main) refers to main.o(i.nus_data_handler) for nus_data_handler
    main.o(i.main) refers to main.o(.data) for .data
    main.o(i.main) refers to main.o(i.on_adv_evt) for on_adv_evt
    main.o(i.main) refers to main.o(i.on_conn_params_evt) for on_conn_params_evt
    main.o(i.main) refers to main.o(i.conn_params_error_handler) for conn_params_error_handler
    main.o(i.main) refers to system_nrf51.o(.data) for SystemCoreClock
    main.o(i.nus_data_handler) refers to app_uart_fifo.o(i.app_uart_put) for app_uart_put
    main.o(i.on_adv_evt) refers to bsp.o(i.bsp_indication_set) for bsp_indication_set
[...]
    i.ADC_IRQHandler                         0x0001b1a4   Section        0  nrf_drv_adc.o(i.ADC_IRQHandler)
    i.GPIOTE_IRQHandler                      0x0001b204   Section        0  nrf_drv_gpiote.o(i.GPIOTE_IRQHandler)
    i.NVIC_SetPriority                       0x0001b37c   Section        0  app_timer.o(i.NVIC_SetPriority)
    NVIC_SetPriority                         0x0001b37d   Thumb Code    60  app_timer.o(i.NVIC_SetPriority)
    i.POWER_CLOCK_IRQHandler                 0x0001b3c0   Section        0  nrf_drv_clock.o(i.POWER_CLOCK_IRQHandler)
    i.RTC1_IRQHandler                        0x0001b414   Section        0  app_timer.o(i.RTC1_IRQHandler)
    i.SWI0_IRQHandler                        0x0001b434   Section        0  app_timer.o(i.SWI0_IRQHandler)
    i.SWI2_IRQHandler                        0x0001b43c   Section        0  softdevice_handler.o(i.SWI2_IRQHandler)
    i.SystemInit                             0x0001b45c   Section        0  system_nrf51.o(i.SystemInit)
    i.UART0_IRQHandler                       0x0001b4fc   Section        0  nrf_drv_uart.o(i.UART0_IRQHandler)
    i.__0printf$1                            0x0001b510   Section        0  printf1.o(i.__0printf$1)
    i.__ARM_common_switch8                   0x0001b530   Section        0  bsp.o(i.__ARM_common_switch8)
    i.__scatterload_copy                     0x0001b54a   Section       14  handlers.o(i.__scatterload_copy)
    i.__scatterload_null                     0x0001b558   Section        2  handlers.o(i.__scatterload_null)
    i.__scatterload_zeroinit                 0x0001b55a   Section       14  handlers.o(i.__scatterload_zeroinit)
    i.__sd_nvic_app_accessible_irq           0x0001b568   Section        0  softdevice_handler.o(i.__sd_nvic_app_accessible_irq)
    __sd_nvic_app_accessible_irq             0x0001b569   Thumb Code    22  softdevice_handler.o(i.__sd_nvic_app_accessible_irq)
    i._printf_core                           0x0001b584   Section        0  printf1.o(i._printf_core)
    _printf_core                             0x0001b585   Thumb Code   332  printf1.o(i._printf_core)
    i.adc_config                             0x0001b6d4   Section        0  main.o(i.adc_config)
    adc_config                               0x0001b6d5   Thumb Code    84  main.o(i.adc_config)
    i.adc_event_handler                      0x0001b734   Section        0  main.o(i.adc_event_handler)
    adc_event_handler                        0x0001b735   Thumb Code   106  main.o(i.adc_event_handler)
    i.adc_sample_process                     0x0001b7e0   Section        0  nrf_drv_adc.o(i.adc_sample_process)
    adc_sample_process                       0x0001b7e1   Thumb Code    80  nrf_drv_adc.o(i.adc_sample_process)
    i.adv_data_encode                        0x0001b840   Section        0  ble_advdata.o(i.adv_data_encode)
    i.adv_mode_next_avail_get                0x0001b9d0   Section        0  ble_advertising.o(i.adv_mode_next_avail_get)
    adv_mode_next_avail_get                  0x0001b9d1   Thumb Code    94  ble_advertising.o(i.adv_mode_next_avail_get)
    i.advertising_buttons_configure          0x0001ba38   Section        0  bsp_btn_ble.o(i.advertising_buttons_configure)
    advertising_buttons_configure            0x0001ba39   Thumb Code    60  bsp_btn_ble.o(i.advertising_buttons_configure)
    i.alert_timer_handler                    0x0001ba74   Section        0  bsp.o(i.alert_timer_handler)
    alert_timer_handler                      0x0001ba75   Thumb Code    10  bsp.o(i.alert_timer_handler)
    i.app_button_enable                      0x0001ba80   Section        0  app_button.o(i.app_button_enable)
    i.app_button_init                        0x0001baa4   Section        0  app_button.o(i.app_button_init)
    i.app_error_fault_handler                0x0001bb18   Section        0  app_error_weak.o(i.app_error_fault_handler)
    i.app_error_handler_bare                 0x0001bb34   Section        0  app_error.o(i.app_error_handler_bare)
    i.app_fifo_get                           0x0001bb4c   Section        0  app_fifo.o(i.app_fifo_get)
    i.app_fifo_init                          0x0001bb62   Section        0  app_fifo.o(i.app_fifo_init)
    i.app_fifo_put                           0x0001bb86   Section        0  app_fifo.o(i.app_fifo_put)
    i.app_timer_create                       0x0001bba0   Section        0  app_timer.o(i.app_timer_create)
    i.app_timer_init                         0x0001bbd0   Section        0  app_timer.o(i.app_timer_init)
    i.app_timer_start                        0x0001bc44   Section        0  app_timer.o(i.app_timer_start)
    i.app_timer_stop                         0x0001bccc   Section        0  app_timer.o(i.app_timer_stop)
    i.app_uart_get                           0x0001bcf4   Section        0  app_uart_fifo.o(i.app_uart_get)
    i.app_uart_init                          0x0001bd2c   Section        0  app_uart_fifo.o(i.app_uart_init)
    i.app_uart_put                           0x0001bddc   Section        0  app_uart_fifo.o(i.app_uart_put)
    i.app_util_critical_region_enter         0x0001be1c   Section        0  app_util_platform.o(i.app_util_critical_region_enter)
    i.app_util_critical_region_exit          0x0001be58   Section        0  app_util_platform.o(i.app_util_critical_region_exit)
    i.apply_config                           0x0001be84   Section        0  nrf_drv_uart.o(i.apply_config)
    apply_config                             0x0001be85   Thumb Code   128  nrf_drv_uart.o(i.apply_config)
    i.ble_advdata_set                        0x0001bf08   Section        0  ble_advdata.o(i.ble_advdata_set)
    i.ble_advertising_init                   0x0001bf70   Section        0  ble_advertising.o(i.ble_advertising_init)
    i.ble_advertising_on_ble_evt             0x0001c0cc   Section        0  ble_advertising.o(i.ble_advertising_on_ble_evt)
    i.ble_advertising_restart_without_whitelist 0x0001c124   Section        0  ble_advertising.o(i.ble_advertising_restart_without_whitelist)
    i.ble_advertising_start                  0x0001c160   Section        0  ble_advertising.o(i.ble_advertising_start)
    i.ble_conn_params_init                   0x0001c268   Section        0  ble_conn_params.o(i.ble_conn_params_init)
    i.ble_conn_params_on_ble_evt             0x0001c2bc   Section        0  ble_conn_params.o(i.ble_conn_params_on_ble_evt)
    i.ble_device_addr_encode                 0x0001c34c   Section        0  ble_advdata.o(i.ble_device_addr_encode)
    ble_device_addr_encode                   0x0001c34d   Thumb Code    94  ble_advdata.o(i.ble_device_addr_encode)
    i.ble_evt_dispatch                       0x0001c3ac   Section        0  main.o(i.ble_evt_dispatch)
    ble_evt_dispatch                         0x0001c3ad   Thumb Code    36  main.o(i.ble_evt_dispatch)
    i.ble_nus_init                           0x0001c3d4   Section        0  ble_nus.o(i.ble_nus_init)
    i.ble_nus_on_ble_evt                     0x0001c43c   Section        0  ble_nus.o(i.ble_nus_on_ble_evt)
    i.ble_nus_string_send                    0x0001c498   Section        0  ble_nus.o(i.ble_nus_string_send)
    i.ble_srv_is_notification_enabled        0x0001c4ec   Section        0  ble_srv_common.o(i.ble_srv_is_notification_enabled)
    i.bsp_board_button_idx_to_pin            0x0001c4fc   Section        0  boards.o(i.bsp_board_button_idx_to_pin)
    i.bsp_board_button_state_get             0x0001c508   Section        0  boards.o(i.bsp_board_button_state_get)
    i.bsp_board_led_invert                   0x0001c528   Section        0  boards.o(i.bsp_board_led_invert)
    i.bsp_board_led_off                      0x0001c548   Section        0  boards.o(i.bsp_board_led_off)
    i.bsp_board_led_on                       0x0001c55c   Section        0  boards.o(i.bsp_board_led_on)
    i.bsp_board_led_state_get                0x0001c570   Section        0  boards.o(i.bsp_board_led_state_get)
    i.bsp_board_leds_init                    0x0001c590   Section        0  boards.o(i.bsp_board_leds_init)
    i.bsp_board_leds_off                     0x0001c5b8   Section        0  boards.o(i.bsp_board_leds_off)
    i.bsp_board_leds_on                      0x0001c5ca   Section        0  boards.o(i.bsp_board_leds_on)
    i.bsp_board_pin_to_button_idx            0x0001c5dc   Section        0  boards.o(i.bsp_board_pin_to_button_idx)
    i.bsp_btn_ble_init                       0x0001c600   Section        0  bsp_btn_ble.o(i.bsp_btn_ble_init)
    i.bsp_btn_ble_on_ble_evt                 0x0001c640   Section        0  bsp_btn_ble.o(i.bsp_btn_ble_on_ble_evt)
    i.bsp_btn_ble_sleep_mode_prepare         0x0001c6b8   Section        0  bsp_btn_ble.o(i.bsp_btn_ble_sleep_mode_prepare)
    i.bsp_button_event_handler               0x0001c6dc   Section        0  bsp.o(i.bsp_button_event_handler)
    bsp_button_event_handler                 0x0001c6dd   Thumb Code   134  bsp.o(i.bsp_button_event_handler)
    i.bsp_button_is_pressed                  0x0001c770   Section        0  bsp.o(i.bsp_button_is_pressed)
    i.bsp_event_handler                      0x0001c778   Section        0  main.o(i.bsp_event_handler)
    i.bsp_event_to_button_action_assign      0x0001c7dc   Section        0  bsp.o(i.bsp_event_to_button_action_assign)
    i.bsp_indication_set                     0x0001c824   Section        0  bsp.o(i.bsp_indication_set)
    i.bsp_init                               0x0001c840   Section        0  bsp.o(i.bsp_init)
    i.bsp_led_indication                     0x0001c8d8   Section        0  bsp.o(i.bsp_led_indication)
    bsp_led_indication                       0x0001c8d9   Thumb Code   376  bsp.o(i.bsp_led_indication)
    i.bsp_wakeup_button_enable               0x0001ca58   Section        0  bsp.o(i.bsp_wakeup_button_enable)
    i.button_timer_handler                   0x0001ca68   Section        0  bsp.o(i.button_timer_handler)
    button_timer_handler                     0x0001ca69   Thumb Code    12  bsp.o(i.button_timer_handler)
    i.channel_free                           0x0001ca74   Section        0  nrf_drv_gpiote.o(i.channel_free)
    channel_free                             0x0001ca75   Thumb Code    22  nrf_drv_gpiote.o(i.channel_free)
    i.channel_port_alloc                     0x0001ca90   Section        0  nrf_drv_gpiote.o(i.channel_port_alloc)
    channel_port_alloc                       0x0001ca91   Thumb Code    66  nrf_drv_gpiote.o(i.channel_port_alloc)
    i.channel_port_get                       0x0001cad8   Section        0  nrf_drv_gpiote.o(i.channel_port_get)
    channel_port_get                         0x0001cad9   Thumb Code    10  nrf_drv_gpiote.o(i.channel_port_get)
    i.clock_clk_started_notify               0x0001cae8   Section        0  nrf_drv_clock.o(i.clock_clk_started_notify)
    clock_clk_started_notify                 0x0001cae9   Thumb Code    34  nrf_drv_clock.o(i.clock_clk_started_notify)
    i.compare_reg_update                     0x0001cb10   Section        0  app_timer.o(i.compare_reg_update)
    compare_reg_update                       0x0001cb11   Thumb Code   142  app_timer.o(i.compare_reg_update)
    i.conn_int_encode                        0x0001cbb8   Section        0  ble_advdata.o(i.conn_int_encode)
    conn_int_encode                          0x0001cbb9   Thumb Code   130  ble_advdata.o(i.conn_int_encode)
    i.conn_params_error_handler              0x0001cc40   Section        0  main.o(i.conn_params_error_handler)
    conn_params_error_handler                0x0001cc41   Thumb Code     8  main.o(i.conn_params_error_handler)
    i.conn_params_negotiation                0x0001cc48   Section        0  ble_conn_params.o(i.conn_params_negotiation)
    conn_params_negotiation                  0x0001cc49   Thumb Code    92  ble_conn_params.o(i.conn_params_negotiation)
    i.detection_delay_timeout_handler        0x0001ccb0   Section        0  app_button.o(i.detection_delay_timeout_handler)
    detection_delay_timeout_handler          0x0001ccb1   Thumb Code    90  app_button.o(i.detection_delay_timeout_handler)
    i.elapsed_ticks_acquire                  0x0001cd10   Section        0  app_timer.o(i.elapsed_ticks_acquire)
    elapsed_ticks_acquire                    0x0001cd11   Thumb Code    58  app_timer.o(i.elapsed_ticks_acquire)
    i.fifo_get                               0x0001cd50   Section        0  app_fifo.o(i.fifo_get)
    fifo_get                                 0x0001cd51   Thumb Code    20  app_fifo.o(i.fifo_get)
    i.fifo_put                               0x0001cd64   Section        0  app_fifo.o(i.fifo_put)
    fifo_put                                 0x0001cd65   Thumb Code    18  app_fifo.o(i.fifo_put)
    i.fputc                                  0x0001cd76   Section        0  retarget.o(i.fputc)
    i.fs_queued_op_count_get                 0x0001cd84   Section        0  fstorage.o(i.fs_queued_op_count_get)
    i.gpiote_event_handler                   0x0001cd9c   Section        0  app_button.o(i.gpiote_event_handler)
    gpiote_event_handler                     0x0001cd9d   Thumb Code    72  app_button.o(i.gpiote_event_handler)
    i.intern_softdevice_events_execute       0x0001cdec   Section        0  softdevice_handler.o(i.intern_softdevice_events_execute)
    i.is_conn_params_ok                      0x0001ce6c   Section        0  ble_conn_params.o(i.is_conn_params_ok)
    is_conn_params_ok                        0x0001ce6d   Thumb Code    24  ble_conn_params.o(i.is_conn_params_ok)
    i.is_manual_peripheral_setup_needed      0x0001ce88   Section        0  system_nrf51.o(i.is_manual_peripheral_setup_needed)
    is_manual_peripheral_setup_needed        0x0001ce89   Thumb Code    66  system_nrf51.o(i.is_manual_peripheral_setup_needed)
    i.leds_timer_handler                     0x0001ced0   Section        0  bsp.o(i.leds_timer_handler)
    leds_timer_handler                       0x0001ced1   Thumb Code    18  bsp.o(i.leds_timer_handler)
    i.list_deletions_handler                 0x0001cee8   Section        0  app_timer.o(i.list_deletions_handler)
    list_deletions_handler                   0x0001cee9   Thumb Code   162  app_timer.o(i.list_deletions_handler)
    i.list_insertions_handler                0x0001cf94   Section        0  app_timer.o(i.list_insertions_handler)
    list_insertions_handler                  0x0001cf95   Thumb Code   178  app_timer.o(i.list_insertions_handler)
    i.main                                   0x0001d050   Section        0  main.o(i.main)
    i.manuf_specific_data_encode             0x0001d2c0   Section        0  ble_advdata.o(i.manuf_specific_data_encode)
    manuf_specific_data_encode               0x0001d2c1   Thumb Code   104  ble_advdata.o(i.manuf_specific_data_encode)
    i.name_encode                            0x0001d328   Section        0  ble_advdata.o(i.name_encode)
    name_encode                              0x0001d329   Thumb Code   158  ble_advdata.o(i.name_encode)
    i.nrf_adc_event_check                    0x0001d3c8   Section        0  nrf_drv_adc.o(i.nrf_adc_event_check)
    nrf_adc_event_check                      0x0001d3c9   Thumb Code    14  nrf_drv_adc.o(i.nrf_adc_event_check)
    i.nrf_bitmask_bit_is_set                 0x0001d3dc   Section        0  nrf_drv_gpiote.o(i.nrf_bitmask_bit_is_set)
    nrf_bitmask_bit_is_set                   0x0001d3dd   Thumb Code    16  nrf_drv_gpiote.o(i.nrf_bitmask_bit_is_set)
    i.nrf_clock_event_check                  0x0001d3ec   Section        0  nrf_drv_clock.o(i.nrf_clock_event_check)
    nrf_clock_event_check                    0x0001d3ed   Thumb Code    16  nrf_drv_clock.o(i.nrf_clock_event_check)
    i.nrf_delay_us                           0x0001d3fc   Section        0  app_timer.o(i.nrf_delay_us)
    nrf_delay_us                             0x0001d3fd   Thumb Code    38  app_timer.o(i.nrf_delay_us)
    i.nrf_drv_adc_buffer_convert             0x0001d42c   Section        0  nrf_drv_adc.o(i.nrf_drv_adc_buffer_convert)
    i.nrf_drv_adc_channel_enable             0x0001d490   Section        0  nrf_drv_adc.o(i.nrf_drv_adc_channel_enable)
    i.nrf_drv_adc_init                       0x0001d4b0   Section        0  nrf_drv_adc.o(i.nrf_drv_adc_init)
    i.nrf_drv_adc_sample                     0x0001d4f0   Section        0  nrf_drv_adc.o(i.nrf_drv_adc_sample)
    i.nrf_drv_clock_init                     0x0001d4fc   Section        0  nrf_drv_clock.o(i.nrf_drv_clock_init)
    i.nrf_drv_clock_on_sd_enable             0x0001d544   Section        0  nrf_drv_clock.o(i.nrf_drv_clock_on_sd_enable)
    i.nrf_drv_clock_on_soc_event             0x0001d578   Section        0  nrf_drv_clock.o(i.nrf_drv_clock_on_soc_event)
    i.nrf_drv_common_irq_enable              0x0001d584   Section        0  nrf_drv_common.o(i.nrf_drv_common_irq_enable)
    i.nrf_drv_gpiote_in_event_enable         0x0001d5e4   Section        0  nrf_drv_gpiote.o(i.nrf_drv_gpiote_in_event_enable)
    i.nrf_drv_gpiote_in_init                 0x0001d67c   Section        0  nrf_drv_gpiote.o(i.nrf_drv_gpiote_in_init)
    i.nrf_drv_gpiote_in_is_set               0x0001d724   Section        0  nrf_drv_gpiote.o(i.nrf_drv_gpiote_in_is_set)
    i.nrf_drv_gpiote_init                    0x0001d738   Section        0  nrf_drv_gpiote.o(i.nrf_drv_gpiote_init)
    i.nrf_drv_gpiote_is_init                 0x0001d794   Section        0  nrf_drv_gpiote.o(i.nrf_drv_gpiote_is_init)
    i.nrf_drv_uart_init                      0x0001d7a4   Section        0  nrf_drv_uart.o(i.nrf_drv_uart_init)
    i.nrf_drv_uart_rx                        0x0001d824   Section        0  nrf_drv_uart.o(i.nrf_drv_uart_rx)
    i.nrf_drv_uart_rx_enable                 0x0001d880   Section        0  nrf_drv_uart.o(i.nrf_drv_uart_rx_enable)
    i.nrf_drv_uart_rx_for_uart               0x0001d8ac   Section        0  nrf_drv_uart.o(i.nrf_drv_uart_rx_for_uart)
    nrf_drv_uart_rx_for_uart                 0x0001d8ad   Thumb Code   164  nrf_drv_uart.o(i.nrf_drv_uart_rx_for_uart)
    i.nrf_drv_uart_tx                        0x0001d954   Section        0  nrf_drv_uart.o(i.nrf_drv_uart_tx)
    i.nrf_drv_uart_tx_for_uart               0x0001d988   Section        0  nrf_drv_uart.o(i.nrf_drv_uart_tx_for_uart)
    nrf_drv_uart_tx_for_uart                 0x0001d989   Thumb Code   134  nrf_drv_uart.o(i.nrf_drv_uart_tx_for_uart)
    i.nrf_drv_uart_tx_in_progress            0x0001da14   Section        0  nrf_drv_uart.o(i.nrf_drv_uart_tx_in_progress)
    i.nrf_gpio_cfg                           0x0001da2c   Section        0  boards.o(i.nrf_gpio_cfg)
    nrf_gpio_cfg                             0x0001da2d   Thumb Code    40  boards.o(i.nrf_gpio_cfg)
    i.nrf_gpio_cfg                           0x0001da54   Section        0  nrf_drv_gpiote.o(i.nrf_gpio_cfg)
    nrf_gpio_cfg                             0x0001da55   Thumb Code    40  nrf_drv_gpiote.o(i.nrf_gpio_cfg)
    i.nrf_gpio_cfg                           0x0001da7c   Section        0  nrf_drv_uart.o(i.nrf_gpio_cfg)
    nrf_gpio_cfg                             0x0001da7d   Thumb Code    40  nrf_drv_uart.o(i.nrf_gpio_cfg)
    i.nrf_gpio_cfg_input                     0x0001daa4   Section        0  nrf_drv_uart.o(i.nrf_gpio_cfg_input)
    nrf_gpio_cfg_input                       0x0001daa5   Thumb Code    18  nrf_drv_uart.o(i.nrf_gpio_cfg_input)
    i.nrf_gpio_cfg_output                    0x0001dab6   Section        0  nrf_drv_uart.o(i.nrf_gpio_cfg_output)
    nrf_gpio_cfg_output                      0x0001dab7   Thumb Code    20  nrf_drv_uart.o(i.nrf_gpio_cfg_output)
    i.nrf_gpio_cfg_sense_set                 0x0001daca   Section        0  bsp.o(i.nrf_gpio_cfg_sense_set)
    nrf_gpio_cfg_sense_set                   0x0001dacb   Thumb Code    34  bsp.o(i.nrf_gpio_cfg_sense_set)
    i.nrf_gpio_cfg_sense_set                 0x0001daec   Section        0  nrf_drv_gpiote.o(i.nrf_gpio_cfg_sense_set)
    nrf_gpio_cfg_sense_set                   0x0001daed   Thumb Code    34  nrf_drv_gpiote.o(i.nrf_gpio_cfg_sense_set)
    i.nrf_gpio_pin_write                     0x0001db10   Section        0  boards.o(i.nrf_gpio_pin_write)
    nrf_gpio_pin_write                       0x0001db11   Thumb Code    18  boards.o(i.nrf_gpio_pin_write)
    i.nrf_gpio_ports_read                    0x0001db28   Section        0  nrf_drv_gpiote.o(i.nrf_gpio_ports_read)
    nrf_gpio_ports_read                      0x0001db29   Thumb Code    36  nrf_drv_gpiote.o(i.nrf_gpio_ports_read)
    i.nrf_gpiote_event_clear                 0x0001db50   Section        0  nrf_drv_gpiote.o(i.nrf_gpiote_event_clear)
    nrf_gpiote_event_clear                   0x0001db51   Thumb Code    10  nrf_drv_gpiote.o(i.nrf_gpiote_event_clear)
    i.nrf_gpiote_event_is_set                0x0001db60   Section        0  nrf_drv_gpiote.o(i.nrf_gpiote_event_is_set)
    nrf_gpiote_event_is_set                  0x0001db61   Thumb Code    14  nrf_drv_gpiote.o(i.nrf_gpiote_event_is_set)
    i.nrf_uart_event_check                   0x0001db74   Section        0  nrf_drv_uart.o(i.nrf_uart_event_check)
    nrf_uart_event_check                     0x0001db75   Thumb Code    10  nrf_drv_uart.o(i.nrf_uart_event_check)
    i.nrf_uart_int_enable_check              0x0001db7e   Section        0  nrf_drv_uart.o(i.nrf_uart_int_enable_check)
    nrf_uart_int_enable_check                0x0001db7f   Thumb Code    16  nrf_drv_uart.o(i.nrf_uart_int_enable_check)
    i.nus_data_handler                       0x0001db8e   Section        0  main.o(i.nus_data_handler)
    nus_data_handler                         0x0001db8f   Thumb Code    48  main.o(i.nus_data_handler)
    i.on_adv_evt                             0x0001dbbe   Section        0  main.o(i.on_adv_evt)
    on_adv_evt                               0x0001dbbf   Thumb Code    32  main.o(i.on_adv_evt)
    i.on_ble_evt                             0x0001dbe0   Section        0  main.o(i.on_ble_evt)
    on_ble_evt                               0x0001dbe1   Thumb Code   204  main.o(i.on_ble_evt)
    i.on_conn_params_evt                     0x0001dcb0   Section        0  main.o(i.on_conn_params_evt)
    on_conn_params_evt                       0x0001dcb1   Thumb Code    26  main.o(i.on_conn_params_evt)
    i.pin_in_use_by_port                     0x0001dcd0   Section        0  nrf_drv_gpiote.o(i.pin_in_use_by_port)
    pin_in_use_by_port                       0x0001dcd1   Thumb Code    20  nrf_drv_gpiote.o(i.pin_in_use_by_port)
    i.pin_in_use_by_te                       0x0001dce8   Section        0  nrf_drv_gpiote.o(i.pin_in_use_by_te)
    pin_in_use_by_te                         0x0001dce9   Thumb Code    20  nrf_drv_gpiote.o(i.pin_in_use_by_te)
    i.rtc1_stop                              0x0001dd00   Section        0  app_timer.o(i.rtc1_stop)
    rtc1_stop                                0x0001dd01   Thumb Code    50  app_timer.o(i.rtc1_stop)
    i.rx_byte                                0x0001dd44   Section        0  nrf_drv_uart.o(i.rx_byte)
    rx_byte                                  0x0001dd45   Thumb Code    38  nrf_drv_uart.o(i.rx_byte)
    i.rx_char_add                            0x0001dd6a   Section        0  ble_nus.o(i.rx_char_add)
    rx_char_add                              0x0001dd6b   Thumb Code   158  ble_nus.o(i.rx_char_add)
    i.rx_done_event                          0x0001de08   Section        0  nrf_drv_uart.o(i.rx_done_event)
    rx_done_event                            0x0001de09   Thumb Code    20  nrf_drv_uart.o(i.rx_done_event)
    i.rx_enable                              0x0001de1c   Section        0  nrf_drv_uart.o(i.rx_enable)
    rx_enable                                0x0001de1d   Thumb Code    26  nrf_drv_uart.o(i.rx_enable)
    i.sd_nvic_EnableIRQ                      0x0001de38   Section        0  softdevice_handler.o(i.sd_nvic_EnableIRQ)
    sd_nvic_EnableIRQ                        0x0001de39   Thumb Code   112  softdevice_handler.o(i.sd_nvic_EnableIRQ)
    i.service_data_encode                    0x0001debc   Section        0  ble_advdata.o(i.service_data_encode)
    service_data_encode                      0x0001debd   Thumb Code   142  ble_advdata.o(i.service_data_encode)
    i.set_adv_mode_fast                      0x0001df4c   Section        0  ble_advertising.o(i.set_adv_mode_fast)
    set_adv_mode_fast                        0x0001df4d   Thumb Code    80  ble_advertising.o(i.set_adv_mode_fast)
    i.set_adv_mode_slow                      0x0001dfa4   Section        0  ble_advertising.o(i.set_adv_mode_slow)
    set_adv_mode_slow                        0x0001dfa5   Thumb Code    76  ble_advertising.o(i.set_adv_mode_slow)
    i.sleep_mode_enter                       0x0001dff8   Section        0  main.o(i.sleep_mode_enter)
    sleep_mode_enter                         0x0001dff9   Thumb Code    40  main.o(i.sleep_mode_enter)
    i.softdevice_ble_evt_handler_set         0x0001e020   Section        0  softdevice_handler.o(i.softdevice_ble_evt_handler_set)
    i.softdevice_enable                      0x0001e034   Section        0  softdevice_handler.o(i.softdevice_enable)
    i.softdevice_enable_get_default_config   0x0001e048   Section        0  softdevice_handler.o(i.softdevice_enable_get_default_config)
    i.softdevice_fault_handler               0x0001e070   Section        0  softdevice_handler.o(i.softdevice_fault_handler)
    i.softdevice_handler_init                0x0001e078   Section        0  softdevice_handler.o(i.softdevice_handler_init)
    i.softdevice_handler_is_enabled          0x0001e0d0   Section        0  softdevice_handler.o(i.softdevice_handler_is_enabled)
    i.timer_list_handler                     0x0001e0dc   Section        0  app_timer.o(i.timer_list_handler)
    timer_list_handler                       0x0001e0dd   Thumb Code   128  app_timer.o(i.timer_list_handler)
    i.timer_list_handler_sched               0x0001e160   Section        0  app_timer.o(i.timer_list_handler_sched)
    timer_list_handler_sched                 0x0001e161   Thumb Code    10  app_timer.o(i.timer_list_handler_sched)
    i.timer_list_insert                      0x0001e170   Section        0  app_timer.o(i.timer_list_insert)
    timer_list_insert                        0x0001e171   Thumb Code    60  app_timer.o(i.timer_list_insert)
    i.timer_stop_op_schedule                 0x0001e1b0   Section        0  app_timer.o(i.timer_stop_op_schedule)
    timer_stop_op_schedule                   0x0001e1b1   Thumb Code    68  app_timer.o(i.timer_stop_op_schedule)
    i.timer_timeouts_check                   0x0001e1f8   Section        0  app_timer.o(i.timer_timeouts_check)
    timer_timeouts_check                     0x0001e1f9   Thumb Code   118  app_timer.o(i.timer_timeouts_check)
    i.tx_byte                                0x0001e278   Section        0  nrf_drv_uart.o(i.tx_byte)
    tx_byte                                  0x0001e279   Thumb Code    30  nrf_drv_uart.o(i.tx_byte)
    i.tx_char_add                            0x0001e296   Section        0  ble_nus.o(i.tx_char_add)
    tx_char_add                              0x0001e297   Thumb Code   128  ble_nus.o(i.tx_char_add)
    i.tx_done_event                          0x0001e316   Section        0  nrf_drv_uart.o(i.tx_done_event)
    tx_done_event                            0x0001e317   Thumb Code    24  nrf_drv_uart.o(i.tx_done_event)
    i.uart_event_handle                      0x0001e330   Section        0  main.o(i.uart_event_handle)
    i.uart_event_handler                     0x0001e390   Section        0  app_uart_fifo.o(i.uart_event_handler)
    uart_event_handler                       0x0001e391   Thumb Code   158  app_uart_fifo.o(i.uart_event_handler)
    i.uart_irq_handler                       0x0001e438   Section        0  nrf_drv_uart.o(i.uart_irq_handler)
    uart_irq_handler                         0x0001e439   Thumb Code   296  nrf_drv_uart.o(i.uart_irq_handler)
    i.uint16_encode                          0x0001e560   Section        0  ble_advdata.o(i.uint16_encode)
    uint16_encode                            0x0001e561   Thumb Code    10  ble_advdata.o(i.uint16_encode)
    i.update_timeout_handler                 0x0001e56c   Section        0  ble_conn_params.o(i.update_timeout_handler)
    update_timeout_handler                   0x0001e56d   Thumb Code    86  ble_conn_params.o(i.update_timeout_handler)
    i.user_op_alloc                          0x0001e5d0   Section        0  app_timer.o(i.user_op_alloc)
    user_op_alloc                            0x0001e5d1   Thumb Code    40  app_timer.o(i.user_op_alloc)
    i.uuid_list_encode                       0x0001e5fc   Section        0  ble_advdata.o(i.uuid_list_encode)
    uuid_list_encode                         0x0001e5fd   Thumb Code    48  ble_advdata.o(i.uuid_list_encode)
    i.uuid_list_sized_encode                 0x0001e62c   Section        0  ble_advdata.o(i.uuid_list_sized_encode)
    uuid_list_sized_encode                   0x0001e62d   Thumb Code   174  ble_advdata.o(i.uuid_list_sized_encode)
    i.whitelist_has_entries                  0x0001e6dc   Section        0  ble_advertising.o(i.whitelist_has_entries)
    whitelist_has_entries                    0x0001e6dd   Thumb Code    18  ble_advertising.o(i.whitelist_has_entries)
    .constdata                               0x0001e6f4   Section       32  main.o(.constdata)
    .constdata                               0x0001e714   Section        8  boards.o(.constdata)
    m_board_led_list                         0x0001e714   Data           4  boards.o(.constdata)
    m_board_btn_list                         0x0001e718   Data           4  boards.o(.constdata)
    .constdata                               0x0001e71c   Section       44  bsp.o(.constdata)
    m_leds_timer_id                          0x0001e71c   Data           4  bsp.o(.constdata)
    m_alert_timer_id                         0x0001e720   Data           4  bsp.o(.constdata)
    m_button_timer_id                        0x0001e724   Data           4  bsp.o(.constdata)
    app_buttons                              0x0001e728   Data          32  bsp.o(.constdata)
    .constdata                               0x0001e748   Section        4  ble_conn_params.o(.constdata)
    m_conn_params_timer_id                   0x0001e748   Data           4  ble_conn_params.o(.constdata)
    .constdata                               0x0001e74c   Section       16  ble_nus.o(.constdata)
    .constdata                               0x0001e75c   Section        4  nrf_drv_gpiote.o(.constdata)
    .constdata                               0x0001e760   Section        1  nrf_drv_adc.o(.constdata)
    m_default_config                         0x0001e760   Data           1  nrf_drv_adc.o(.constdata)
    .constdata                               0x0001e764   Section        8  app_button.o(.constdata)
    m_detection_delay_timer_id               0x0001e764   Data           4  app_button.o(.constdata)
    .constdata                               0x0001e76c   Section       32  app_uart_fifo.o(.constdata)
    .data                                    0x20001fe8   Section       44  main.o(.data)
    adc_event_counter                        0x20001fe8   Data           1  main.o(.data)
    index                                    0x20001fe9   Data           1  main.o(.data)
    number_of_adc_channels                   0x20001fea   Data           1  main.o(.data)
    m_conn_handle                            0x20001fec   Data           2  main.o(.data)
    m_adv_uuids                              0x20001fee   Data           4  main.o(.data)
    m_channel_0_config                       0x20001ff4   Data           8  main.o(.data)
    m_channel_1_config                       0x20001ffc   Data           8  main.o(.data)
    m_channel_2_config                       0x20002004   Data           8  main.o(.data)
    adc_buffer                               0x2000200c   Data           8  main.o(.data)
    .data                                    0x20002014   Section       20  bsp.o(.data)
    m_stable_state                           0x20002014   Data           1  bsp.o(.data)
    m_leds_clear                             0x20002015   Data           1  bsp.o(.data)
    current_long_push_pin_no                 0x20002016   Data           1  bsp.o(.data)
    m_app_ticks_per_100ms                    0x20002018   Data           4  bsp.o(.data)
    m_indication_type                        0x2000201c   Data           4  bsp.o(.data)
    m_registered_callback                    0x20002020   Data           4  bsp.o(.data)
    release_event_at_push                    0x20002024   Data           4  bsp.o(.data)
    .data                                    0x20002028   Section        8  bsp_btn_ble.o(.data)
    m_error_handler                          0x20002028   Data           4  bsp_btn_ble.o(.data)
    m_num_connections                        0x2000202c   Data           4  bsp_btn_ble.o(.data)
    .data                                    0x20002030   Section       48  ble_advertising.o(.data)
    m_initialized                            0x20002030   Data           1  ble_advertising.o(.data)
    m_advertising_start_pending              0x20002031   Data           1  ble_advertising.o(.data)
    m_adv_evt                                0x20002032   Data           1  ble_advertising.o(.data)
    m_adv_mode_current                       0x20002033   Data           1  ble_advertising.o(.data)
    m_peer_addr_reply_expected               0x20002034   Data           1  ble_advertising.o(.data)
    m_whitelist_temporarily_disabled         0x20002035   Data           1  ble_advertising.o(.data)
    m_whitelist_reply_expected               0x20002036   Data           1  ble_advertising.o(.data)
    m_current_slave_link_conn_handle         0x20002038   Data           2  ble_advertising.o(.data)
    m_slave_conn_int                         0x2000203a   Data           4  ble_advertising.o(.data)
    m_evt_handler                            0x20002040   Data           4  ble_advertising.o(.data)
    m_error_handler                          0x20002044   Data           4  ble_advertising.o(.data)
    m_peer_address                           0x20002048   Data           7  ble_advertising.o(.data)
    m_whitelist                              0x20002050   Data          16  ble_advertising.o(.data)
    .data                                    0x20002060   Section       20  ble_conn_params.o(.data)
    m_change_param                           0x20002060   Data           1  ble_conn_params.o(.data)
    m_update_count                           0x20002061   Data           1  ble_conn_params.o(.data)
    m_conn_handle                            0x20002062   Data           2  ble_conn_params.o(.data)
    m_preferred_conn_params                  0x20002064   Data           8  ble_conn_params.o(.data)
    m_current_conn_params                    0x2000206c   Data           8  ble_conn_params.o(.data)
    .data                                    0x20002074   Section       20  app_button.o(.data)
    m_button_count                           0x20002074   Data           1  app_button.o(.data)
    mp_buttons                               0x20002078   Data           4  app_button.o(.data)
    m_detection_delay                        0x2000207c   Data           4  app_button.o(.data)
    m_pin_state                              0x20002080   Data           4  app_button.o(.data)
    m_pin_transition                         0x20002084   Data           4  app_button.o(.data)
    .data                                    0x20002088   Section       32  app_timer.o(.data)
    m_ticks_elapsed_q_read_ind               0x20002088   Data           1  app_timer.o(.data)
    m_ticks_elapsed_q_write_ind              0x20002089   Data           1  app_timer.o(.data)
    m_rtc1_running                           0x2000208a   Data           1  app_timer.o(.data)
    m_rtc1_reset                             0x2000208b   Data           1  app_timer.o(.data)
    mp_timer_id_head                         0x2000208c   Data           4  app_timer.o(.data)
    m_ticks_latest                           0x20002090   Data           4  app_timer.o(.data)
    m_evt_schedule_func                      0x20002094   Data           4  app_timer.o(.data)
    m_op_queue                               0x20002098   Data           8  app_timer.o(.data)
    m_ticks_elapsed                          0x200020a0   Data           8  app_timer.o(.data)
    .data                                    0x200020a8   Section       16  app_uart_fifo.o(.data)
    tx_buffer                                0x200020a8   Data           1  app_uart_fifo.o(.data)
    rx_buffer                                0x200020a9   Data           1  app_uart_fifo.o(.data)
    m_rx_ovf                                 0x200020aa   Data           1  app_uart_fifo.o(.data)
    m_event_handler                          0x200020ac   Data           4  app_uart_fifo.o(.data)
    app_uart_inst                            0x200020b0   Data           8  app_uart_fifo.o(.data)
    .data                                    0x200020b8   Section       12  app_util_platform.o(.data)
    m_in_critical_region                     0x200020b8   Data           4  app_util_platform.o(.data)
    .data                                    0x200020c4   Section        4  retarget.o(.data)
    .data                                    0x200020c8   Section       20  softdevice_handler.o(.data)
    m_softdevice_enabled                     0x200020c8   Data           1  softdevice_handler.o(.data)
    m_suspended                              0x200020c9   Data           1  softdevice_handler.o(.data)
    m_ble_evt_buffer_size                    0x200020ca   Data           2  softdevice_handler.o(.data)
    m_evt_schedule_func                      0x200020cc   Data           4  softdevice_handler.o(.data)
    mp_ble_evt_buffer                        0x200020d0   Data           4  softdevice_handler.o(.data)
    m_ble_evt_handler                        0x200020d4   Data           4  softdevice_handler.o(.data)
    m_sys_evt_handler                        0x200020d8   Data           4  softdevice_handler.o(.data)
    .data                                    0x200020dc   Section        4  system_nrf51.o(.data)
    __tagsym$$used                           0x200020dc   Number         0  system_nrf51.o(.data)
    .bss                                     0x200020e0   Section      752  main.o(.bss)
    BLE_EVT_BUFFER                           0x200020e0   Data          72  main.o(.bss)
    data_array                               0x20002128   Data          20  main.o(.bss)
    rx_buf                                   0x2000213c   Data         256  main.o(.bss)
    tx_buf                                   0x2000223c   Data         256  main.o(.bss)
    APP_TIMER_BUF                            0x2000233c   Data         120  main.o(.bss)
    m_nus                                    0x200023b4   Data          28  main.o(.bss)
    .bss                                     0x200023d0   Section       32  bsp.o(.bss)
    m_leds_timer_id_data                     0x200023d0   Data          32  bsp.o(.bss)
    .bss                                     0x200023f0   Section       32  bsp.o(.bss)
    m_alert_timer_id_data                    0x200023f0   Data          32  bsp.o(.bss)
    .bss                                     0x20002410   Section       12  bsp.o(.bss)
    m_events_list                            0x20002410   Data          12  bsp.o(.bss)
    .bss                                     0x2000241c   Section       32  bsp.o(.bss)
    m_button_timer_id_data                   0x2000241c   Data          32  bsp.o(.bss)
    .bss                                     0x2000243c   Section      363  ble_advertising.o(.bss)
    m_adv_modes_config                       0x2000243c   Data          32  ble_advertising.o(.bss)
    m_advdata                                0x2000245c   Data          60  ble_advertising.o(.bss)
    m_manuf_specific_data                    0x20002498   Data          12  ble_advertising.o(.bss)
    m_manuf_data_array                       0x200024a4   Data          31  ble_advertising.o(.bss)
    m_service_data                           0x200024c4   Data          12  ble_advertising.o(.bss)
    m_service_data_array                     0x200024d0   Data          31  ble_advertising.o(.bss)
    m_whitelist_addrs                        0x200024ef   Data          56  ble_advertising.o(.bss)
    m_whitelist_irks                         0x20002527   Data         128  ble_advertising.o(.bss)
    .bss                                     0x200025a8   Section       32  ble_advertising.o(.bss)
    m_p_whitelist_addrs                      0x200025a8   Data          32  ble_advertising.o(.bss)
    .bss                                     0x200025c8   Section       32  ble_advertising.o(.bss)
    m_p_whitelist_irks                       0x200025c8   Data          32  ble_advertising.o(.bss)
    .bss                                     0x200025e8   Section       32  ble_conn_params.o(.bss)
    m_conn_params_timer_id_data              0x200025e8   Data          32  ble_conn_params.o(.bss)
    .bss                                     0x20002608   Section       28  ble_conn_params.o(.bss)
    m_conn_params_config                     0x20002608   Data          28  ble_conn_params.o(.bss)
    .bss                                     0x20002624   Section       20  nrf_drv_clock.o(.bss)
    m_clock_cb                               0x20002624   Data          20  nrf_drv_clock.o(.bss)
    .bss                                     0x20002638   Section       72  nrf_drv_gpiote.o(.bss)
    m_cb                                     0x20002638   Data          72  nrf_drv_gpiote.o(.bss)
    .bss                                     0x20002680   Section       28  nrf_drv_uart.o(.bss)
    m_cb                                     0x20002680   Data          28  nrf_drv_uart.o(.bss)
    .bss                                     0x2000269c   Section       20  nrf_drv_adc.o(.bss)
    m_cb                                     0x2000269c   Data          20  nrf_drv_adc.o(.bss)
    .bss                                     0x200026b0   Section       32  app_button.o(.bss)
    m_detection_delay_timer_id_data          0x200026b0   Data          32  app_button.o(.bss)
    .bss                                     0x200026d0   Section       32  app_uart_fifo.o(.bss)
    m_rx_fifo                                0x200026d0   Data          16  app_uart_fifo.o(.bss)
    m_tx_fifo                                0x200026e0   Data          16  app_uart_fifo.o(.bss)
    .bss                                     0x200026f0   Section      104  fstorage.o(.bss)
    m_queue                                  0x200026f0   Data         104  fstorage.o(.bss)
    STACK                                    0x20002758   Section     2048  arm_startup_nrf51.o(STACK)

    Global Symbols

    Symbol Name                              Value     Ov Type        Size  Object(Section)

    BuildAttributes$$THM_ISAv3M$S$PE$A:L22$X:L11$S22$IEEE1$IW$USESV6$~STKCKD$USESV7$~SHL$OSPACE$ROPI$EBA8$MICROLIB$REQ8$PRES8$EABIv2 0x00000000   Number         0  anon$$obj.o ABSOLUTE
    __ARM_use_no_argv                        0x00000000   Number         0  main.o ABSOLUTE
    _printf_a                                0x00000000   Number         0  stubs.o ABSOLUTE
    _printf_c                                0x00000000   Number         0  stubs.o ABSOLUTE
    _printf_charcount                        0x00000000   Number         0  stubs.o ABSOLUTE
    _printf_d                                0x00000000   Number         0  stubs.o ABSOLUTE
    _printf_e                                0x00000000   Number         0  stubs.o ABSOLUTE
    _printf_f                                0x00000000   Number         0  stubs.o ABSOLUTE
    _printf_flags                            0x00000000   Number         0  stubs.o ABSOLUTE
    _printf_fp_dec                           0x00000000   Number         0  stubs.o ABSOLUTE
    _printf_fp_hex                           0x00000000   Number         0  stubs.o ABSOLUTE
    _printf_g                                0x00000000   Number         0  stubs.o ABSOLUTE
    _printf_i                                0x00000000   Number         0  stubs.o ABSOLUTE
    _printf_int_dec                          0x00000000   Number         0  stubs.o ABSOLUTE
    _printf_l                                0x00000000   Number         0  stubs.o ABSOLUTE
    _printf_lc                               0x00000000   Number         0  stubs.o ABSOLUTE
    _printf_ll                               0x00000000   Number         0  stubs.o ABSOLUTE
    _printf_lld                              0x00000000   Number         0  stubs.o ABSOLUTE
    _printf_lli                              0x00000000   Number         0  stubs.o ABSOLUTE
    _printf_llo                              0x00000000   Number         0  stubs.o ABSOLUTE
    _printf_llu                              0x00000000   Number         0  stubs.o ABSOLUTE
    _printf_llx                              0x00000000   Number         0  stubs.o ABSOLUTE
    _printf_longlong_dec                     0x00000000   Number         0  stubs.o ABSOLUTE
    _printf_longlong_hex                     0x00000000   Number         0  stubs.o ABSOLUTE
    _printf_longlong_oct                     0x00000000   Number         0  stubs.o ABSOLUTE
    _printf_ls                               0x00000000   Number         0  stubs.o ABSOLUTE
    _printf_mbtowc                           0x00000000   Number         0  stubs.o ABSOLUTE
    _printf_n                                0x00000000   Number         0  stubs.o ABSOLUTE
    _printf_o                                0x00000000   Number         0  stubs.o ABSOLUTE
    _printf_p                                0x00000000   Number         0  stubs.o ABSOLUTE
    _printf_percent                          0x00000000   Number         0  stubs.o ABSOLUTE
    _printf_pre_padding                      0x00000000   Number         0  stubs.o ABSOLUTE
    _printf_return_value                     0x00000000   Number         0  stubs.o ABSOLUTE
    _printf_s                                0x00000000   Number         0  stubs.o ABSOLUTE
    _printf_sizespec                         0x00000000   Number         0  stubs.o ABSOLUTE
    _printf_str                              0x00000000   Number         0  stubs.o ABSOLUTE
    _printf_truncate_signed                  0x00000000   Number         0  stubs.o ABSOLUTE
    _printf_truncate_unsigned                0x00000000   Number         0  stubs.o ABSOLUTE
    _printf_u                                0x00000000   Number         0  stubs.o ABSOLUTE
    _printf_wc                               0x00000000   Number         0  stubs.o ABSOLUTE
    _printf_wctomb                           0x00000000   Number         0  stubs.o ABSOLUTE
    _printf_widthprec                        0x00000000   Number         0  stubs.o ABSOLUTE
    _printf_x                                0x00000000   Number         0  stubs.o ABSOLUTE
    __cpp_initialize__aeabi_                  - Undefined Weak Reference
    __cxa_finalize                            - Undefined Weak Reference
    __decompress                              - Undefined Weak Reference
    _clock_init                               - Undefined Weak Reference
    _microlib_exit                            - Undefined Weak Reference
    fs_data$$Base                             - Undefined Reference
    fs_data$$Limit                            - Undefined Reference
    __Vectors_Size                           0x000000c0   Number         0  arm_startup_nrf51.o ABSOLUTE
    __Vectors                                0x0001b000   Data           4  arm_startup_nrf51.o(RESET)
    __Vectors_End                            0x0001b0c0   Data           0  arm_startup_nrf51.o(RESET)
    __main                                   0x0001b0c1   Thumb Code     0  entry.o(.ARM.Collect$$$$00000000)
    _main_stk                                0x0001b0c1   Thumb Code     0  entry2.o(.ARM.Collect$$$$00000001)
    _main_scatterload                        0x0001b0c5   Thumb Code     0  entry5.o(.ARM.Collect$$$$00000004)
    __main_after_scatterload                 0x0001b0c9   Thumb Code     0  entry5.o(.ARM.Collect$$$$00000004)
    _main_clock                              0x0001b0c9   Thumb Code     0  entry7b.o(.ARM.Collect$$$$00000008)
    _main_cpp_init                           0x0001b0c9   Thumb Code     0  entry8b.o(.ARM.Collect$$$$0000000A)
    _main_init                               0x0001b0c9   Thumb Code     0  entry9a.o(.ARM.Collect$$$$0000000B)
    __rt_final_cpp                           0x0001b0d1   Thumb Code     0  entry10a.o(.ARM.Collect$$$$0000000D)
    __rt_final_exit                          0x0001b0d1   Thumb Code     0  entry11a.o(.ARM.Collect$$$$0000000F)
    Reset_Handler                            0x0001b0d5   Thumb Code    26  arm_startup_nrf51.o(.text)
    NMI_Handler                              0x0001b0ef   Thumb Code     2  arm_startup_nrf51.o(.text)
    HardFault_Handler                        0x0001b0f1   Thumb Code     2  arm_startup_nrf51.o(.text)
    SVC_Handler                              0x0001b0f3   Thumb Code     2  arm_startup_nrf51.o(.text)
    PendSV_Handler                           0x0001b0f5   Thumb Code     2  arm_startup_nrf51.o(.text)
    SysTick_Handler                          0x0001b0f7   Thumb Code     2  arm_startup_nrf51.o(.text)
    CCM_AAR_IRQHandler                       0x0001b0f9   Thumb Code     0  arm_startup_nrf51.o(.text)
    ECB_IRQHandler                           0x0001b0f9   Thumb Code     0  arm_startup_nrf51.o(.text)
    LPCOMP_IRQHandler                        0x0001b0f9   Thumb Code     0  arm_startup_nrf51.o(.text)
    QDEC_IRQHandler                          0x0001b0f9   Thumb Code     0  arm_startup_nrf51.o(.text)
    RADIO_IRQHandler                         0x0001b0f9   Thumb Code     0  arm_startup_nrf51.o(.text)
    RNG_IRQHandler                           0x0001b0f9   Thumb Code     0  arm_startup_nrf51.o(.text)
    RTC0_IRQHandler                          0x0001b0f9   Thumb Code     0  arm_startup_nrf51.o(.text)
    SPI0_TWI0_IRQHandler                     0x0001b0f9   Thumb Code     0  arm_startup_nrf51.o(.text)
    SPI1_TWI1_IRQHandler                     0x0001b0f9   Thumb Code     0  arm_startup_nrf51.o(.text)
    SWI1_IRQHandler                          0x0001b0f9   Thumb Code     0  arm_startup_nrf51.o(.text)
    SWI3_IRQHandler                          0x0001b0f9   Thumb Code     0  arm_startup_nrf51.o(.text)
    SWI4_IRQHandler                          0x0001b0f9   Thumb Code     0  arm_startup_nrf51.o(.text)
    SWI5_IRQHandler                          0x0001b0f9   Thumb Code     0  arm_startup_nrf51.o(.text)
    TEMP_IRQHandler                          0x0001b0f9   Thumb Code     0  arm_startup_nrf51.o(.text)
    TIMER0_IRQHandler                        0x0001b0f9   Thumb Code     0  arm_startup_nrf51.o(.text)
    TIMER1_IRQHandler                        0x0001b0f9   Thumb Code     0  arm_startup_nrf51.o(.text)
    TIMER2_IRQHandler                        0x0001b0f9   Thumb Code     0  arm_startup_nrf51.o(.text)
    WDT_IRQHandler                           0x0001b0f9   Thumb Code     0  arm_startup_nrf51.o(.text)
    __aeabi_uidiv                            0x0001b10d   Thumb Code     0  uidiv.o(.text)
    __aeabi_uidivmod                         0x0001b10d   Thumb Code    44  uidiv.o(.text)
    __aeabi_memcpy                           0x0001b139   Thumb Code    36  memcpya.o(.text)
    __aeabi_memcpy4                          0x0001b139   Thumb Code     0  memcpya.o(.text)
    __aeabi_memcpy8                          0x0001b139   Thumb Code     0  memcpya.o(.text)
    __aeabi_memset                           0x0001b15d   Thumb Code    14  memseta.o(.text)
    __aeabi_memset4                          0x0001b15d   Thumb Code     0  memseta.o(.text)
    __aeabi_memset8                          0x0001b15d   Thumb Code     0  memseta.o(.text)
    __aeabi_memclr                           0x0001b16b   Thumb Code     4  memseta.o(.text)
    __aeabi_memclr4                          0x0001b16b   Thumb Code     0  memseta.o(.text)
    __aeabi_memclr8                          0x0001b16b   Thumb Code     0  memseta.o(.text)
    _memset$wrapper                          0x0001b16f   Thumb Code    18  memseta.o(.text)
    __scatterload                            0x0001b181   Thumb Code    28  init.o(.text)
    __scatterload_rt2                        0x0001b181   Thumb Code     0  init.o(.text)
    ADC_IRQHandler                           0x0001b1a5   Thumb Code    78  nrf_drv_adc.o(i.ADC_IRQHandler)
    GPIOTE_IRQHandler                        0x0001b205   Thumb Code   364  nrf_drv_gpiote.o(i.GPIOTE_IRQHandler)
    POWER_CLOCK_IRQHandler                   0x0001b3c1   Thumb Code    70  nrf_drv_clock.o(i.POWER_CLOCK_IRQHandler)
    RTC1_IRQHandler                          0x0001b415   Thumb Code    28  app_timer.o(i.RTC1_IRQHandler)
    SWI0_IRQHandler                          0x0001b435   Thumb Code     8  app_timer.o(i.SWI0_IRQHandler)
    SWI2_IRQHandler                          0x0001b43d   Thumb Code    28  softdevice_handler.o(i.SWI2_IRQHandler)
    SystemInit                               0x0001b45d   Thumb Code   130  system_nrf51.o(i.SystemInit)
    UART0_IRQHandler                         0x0001b4fd   Thumb Code    12  nrf_drv_uart.o(i.UART0_IRQHandler)
    __0printf$1                              0x0001b511   Thumb Code    24  printf1.o(i.__0printf$1)
    __1printf$1                              0x0001b511   Thumb Code     0  printf1.o(i.__0printf$1)
    __2printf                                0x0001b511   Thumb Code     0  printf1.o(i.__0printf$1)
    __ARM_common_switch8                     0x0001b531   Thumb Code    26  bsp.o(i.__ARM_common_switch8)
    __scatterload_copy                       0x0001b54b   Thumb Code    14  handlers.o(i.__scatterload_copy)
    __scatterload_null                       0x0001b559   Thumb Code     2  handlers.o(i.__scatterload_null)
    __scatterload_zeroinit                   0x0001b55b   Thumb Code    14  handlers.o(i.__scatterload_zeroinit)
    adv_data_encode                          0x0001b841   Thumb Code   398  ble_advdata.o(i.adv_data_encode)
    app_button_enable                        0x0001ba81   Thumb Code    32  app_button.o(i.app_button_enable)
    app_button_init                          0x0001baa5   Thumb Code   100  app_button.o(i.app_button_init)
    app_error_fault_handler                  0x0001bb19   Thumb Code    18  app_error_weak.o(i.app_error_fault_handler)
    app_error_handler_bare                   0x0001bb35   Thumb Code    20  app_error.o(i.app_error_handler_bare)
    app_fifo_get                             0x0001bb4d   Thumb Code    22  app_fifo.o(i.app_fifo_get)
    app_fifo_init                            0x0001bb63   Thumb Code    36  app_fifo.o(i.app_fifo_init)
    app_fifo_put                             0x0001bb87   Thumb Code    26  app_fifo.o(i.app_fifo_put)
    app_timer_create                         0x0001bba1   Thumb Code    44  app_timer.o(i.app_timer_create)
    app_timer_init                           0x0001bbd1   Thumb Code    98  app_timer.o(i.app_timer_init)
    app_timer_start                          0x0001bc45   Thumb Code   128  app_timer.o(i.app_timer_start)
    app_timer_stop                           0x0001bccd   Thumb Code    36  app_timer.o(i.app_timer_stop)
    app_uart_get                             0x0001bcf5   Thumb Code    46  app_uart_fifo.o(i.app_uart_get)
    app_uart_init                            0x0001bd2d   Thumb Code   160  app_uart_fifo.o(i.app_uart_init)
    app_uart_put                             0x0001bddd   Thumb Code    56  app_uart_fifo.o(i.app_uart_put)
    app_util_critical_region_enter           0x0001be1d   Thumb Code    48  app_util_platform.o(i.app_util_critical_region_enter)
    app_util_critical_region_exit            0x0001be59   Thumb Code    36  app_util_platform.o(i.app_util_critical_region_exit)
    ble_advdata_set                          0x0001bf09   Thumb Code   104  ble_advdata.o(i.ble_advdata_set)
    ble_advertising_init                     0x0001bf71   Thumb Code   340  ble_advertising.o(i.ble_advertising_init)
    ble_advertising_on_ble_evt               0x0001c0cd   Thumb Code    82  ble_advertising.o(i.ble_advertising_on_ble_evt)
    ble_advertising_restart_without_whitelist 0x0001c125   Thumb Code    50  ble_advertising.o(i.ble_advertising_restart_without_whitelist)
    ble_advertising_start                    0x0001c161   Thumb Code   256  ble_advertising.o(i.ble_advertising_start)
    ble_conn_params_init                     0x0001c269   Thumb Code    68  ble_conn_params.o(i.ble_conn_params_init)
    ble_conn_params_on_ble_evt               0x0001c2bd   Thumb Code   130  ble_conn_params.o(i.ble_conn_params_on_ble_evt)
    ble_nus_init                             0x0001c3d5   Thumb Code    98  ble_nus.o(i.ble_nus_init)
    ble_nus_on_ble_evt                       0x0001c43d   Thumb Code    92  ble_nus.o(i.ble_nus_on_ble_evt)
    ble_nus_string_send                      0x0001c499   Thumb Code    78  ble_nus.o(i.ble_nus_string_send)
    ble_srv_is_notification_enabled          0x0001c4ed   Thumb Code    14  ble_srv_common.o(i.ble_srv_is_notification_enabled)
    bsp_board_button_idx_to_pin              0x0001c4fd   Thumb Code     6  boards.o(i.bsp_board_button_idx_to_pin)
    bsp_board_button_state_get               0x0001c509   Thumb Code    24  boards.o(i.bsp_board_button_state_get)
    bsp_board_led_invert                     0x0001c529   Thumb Code    24  boards.o(i.bsp_board_led_invert)
    bsp_board_led_off                        0x0001c549   Thumb Code    14  boards.o(i.bsp_board_led_off)
    bsp_board_led_on                         0x0001c55d   Thumb Code    14  boards.o(i.bsp_board_led_on)
    bsp_board_led_state_get                  0x0001c571   Thumb Code    24  boards.o(i.bsp_board_led_state_get)
    bsp_board_leds_init                      0x0001c591   Thumb Code    36  boards.o(i.bsp_board_leds_init)
    bsp_board_leds_off                       0x0001c5b9   Thumb Code    18  boards.o(i.bsp_board_leds_off)
    bsp_board_leds_on                        0x0001c5cb   Thumb Code    18  boards.o(i.bsp_board_leds_on)
    bsp_board_pin_to_button_idx              0x0001c5dd   Thumb Code    30  boards.o(i.bsp_board_pin_to_button_idx)
    bsp_btn_ble_init                         0x0001c601   Thumb Code    58  bsp_btn_ble.o(i.bsp_btn_ble_init)
    bsp_btn_ble_on_ble_evt                   0x0001c641   Thumb Code   114  bsp_btn_ble.o(i.bsp_btn_ble_on_ble_evt)
    bsp_btn_ble_sleep_mode_prepare           0x0001c6b9   Thumb Code    34  bsp_btn_ble.o(i.bsp_btn_ble_sleep_mode_prepare)
    bsp_button_is_pressed                    0x0001c771   Thumb Code     8  bsp.o(i.bsp_button_is_pressed)
    bsp_event_handler                        0x0001c779   Thumb Code    86  main.o(i.bsp_event_handler)
    bsp_event_to_button_action_assign        0x0001c7dd   Thumb Code    66  bsp.o(i.bsp_event_to_button_action_assign)
    bsp_indication_set                       0x0001c825   Thumb Code    22  bsp.o(i.bsp_indication_set)
    bsp_init                                 0x0001c841   Thumb Code   132  bsp.o(i.bsp_init)
    bsp_wakeup_button_enable                 0x0001ca59   Thumb Code    16  bsp.o(i.bsp_wakeup_button_enable)
    fputc                                    0x0001cd77   Thumb Code    14  retarget.o(i.fputc)
    fs_queued_op_count_get                   0x0001cd85   Thumb Code    18  fstorage.o(i.fs_queued_op_count_get)
    intern_softdevice_events_execute         0x0001cded   Thumb Code   122  softdevice_handler.o(i.intern_softdevice_events_execute)
    main                                     0x0001d051   Thumb Code   532  main.o(i.main)
    nrf_drv_adc_buffer_convert               0x0001d42d   Thumb Code    84  nrf_drv_adc.o(i.nrf_drv_adc_buffer_convert)
    nrf_drv_adc_channel_enable               0x0001d491   Thumb Code    28  nrf_drv_adc.o(i.nrf_drv_adc_channel_enable)
    nrf_drv_adc_init                         0x0001d4b1   Thumb Code    50  nrf_drv_adc.o(i.nrf_drv_adc_init)
    nrf_drv_adc_sample                       0x0001d4f1   Thumb Code     8  nrf_drv_adc.o(i.nrf_drv_adc_sample)
    nrf_drv_clock_init                       0x0001d4fd   Thumb Code    60  nrf_drv_clock.o(i.nrf_drv_clock_init)
    nrf_drv_clock_on_sd_enable               0x0001d545   Thumb Code    46  nrf_drv_clock.o(i.nrf_drv_clock_on_sd_enable)
    nrf_drv_clock_on_soc_event               0x0001d579   Thumb Code    12  nrf_drv_clock.o(i.nrf_drv_clock_on_soc_event)
    nrf_drv_common_irq_enable                0x0001d585   Thumb Code    78  nrf_drv_common.o(i.nrf_drv_common_irq_enable)
    nrf_drv_gpiote_in_event_enable           0x0001d5e5   Thumb Code   136  nrf_drv_gpiote.o(i.nrf_drv_gpiote_in_event_enable)
    nrf_drv_gpiote_in_init                   0x0001d67d   Thumb Code   154  nrf_drv_gpiote.o(i.nrf_drv_gpiote_in_init)
    nrf_drv_gpiote_in_is_set                 0x0001d725   Thumb Code    16  nrf_drv_gpiote.o(i.nrf_drv_gpiote_in_is_set)
    nrf_drv_gpiote_init                      0x0001d739   Thumb Code    84  nrf_drv_gpiote.o(i.nrf_drv_gpiote_init)
    nrf_drv_gpiote_is_init                   0x0001d795   Thumb Code    12  nrf_drv_gpiote.o(i.nrf_drv_gpiote_is_init)
    nrf_drv_uart_init                        0x0001d7a5   Thumb Code   118  nrf_drv_uart.o(i.nrf_drv_uart_init)
    nrf_drv_uart_rx                          0x0001d825   Thumb Code    86  nrf_drv_uart.o(i.nrf_drv_uart_rx)
    nrf_drv_uart_rx_enable                   0x0001d881   Thumb Code    40  nrf_drv_uart.o(i.nrf_drv_uart_rx_enable)
    nrf_drv_uart_tx                          0x0001d955   Thumb Code    46  nrf_drv_uart.o(i.nrf_drv_uart_tx)
    nrf_drv_uart_tx_in_progress              0x0001da15   Thumb Code    20  nrf_drv_uart.o(i.nrf_drv_uart_tx_in_progress)
    softdevice_ble_evt_handler_set           0x0001e021   Thumb Code    16  softdevice_handler.o(i.softdevice_ble_evt_handler_set)
    softdevice_enable                        0x0001e035   Thumb Code    14  softdevice_handler.o(i.softdevice_enable)
    softdevice_enable_get_default_config     0x0001e049   Thumb Code    40  softdevice_handler.o(i.softdevice_enable_get_default_config)
    softdevice_fault_handler                 0x0001e071   Thumb Code     8  softdevice_handler.o(i.softdevice_fault_handler)
    softdevice_handler_init                  0x0001e079   Thumb Code    74  softdevice_handler.o(i.softdevice_handler_init)
    softdevice_handler_is_enabled            0x0001e0d1   Thumb Code     6  softdevice_handler.o(i.softdevice_handler_is_enabled)
    uart_event_handle                        0x0001e331   Thumb Code    84  main.o(i.uart_event_handle)
    Region$$Table$$Base                      0x0001e78c   Number         0  anon$$obj.o(Region$$Table)
    Region$$Table$$Limit                     0x0001e7ac   Number         0  anon$$obj.o(Region$$Table)
    Image$$RW_IRAM1$$Base                    0x20001fe8   Number         0  anon$$obj.o ABSOLUTE
    nrf_nvic_state                           0x200020bc   Data           8  app_util_platform.o(.data)
    __stdout                                 0x200020c4   Data           4  retarget.o(.data)
    SystemCoreClock                          0x200020dc   Data           4  system_nrf51.o(.data)
    __initial_sp                             0x20002f58   Data           0  arm_startup_nrf51.o(STACK)



==============================================================================

Memory Map of the image

  Image Entry point : 0x0001b0c1

  Load Region LR_IROM1 (Base: 0x0001b000, Size: 0x000038a4, Max: 0x00025000, ABSOLUTE)

    Execution Region ER_IROM1 (Exec base: 0x0001b000, Load base: 0x0001b000, Size: 0x000037ac, Max: 0x00025000, ABSOLUTE)

    Exec Addr    Load Addr    Size         Type   Attr      Idx    E Section Name        Object

    0x0001b000   0x0001b000   0x000000c0   Data   RO         2558    RESET               arm_startup_nrf51.o
    0x0001b0c0   0x0001b0c0   0x00000000   Code   RO         2600  * .ARM.Collect$$$$00000000  mc_p.l(entry.o)
    0x0001b0c0   0x0001b0c0   0x00000004   Code   RO         2876    .ARM.Collect$$$$00000001  mc_p.l(entry2.o)
    0x0001b0c4   0x0001b0c4   0x00000004   Code   RO         2879    .ARM.Collect$$$$00000004  mc_p.l(entry5.o)
    0x0001b0c8   0x0001b0c8   0x00000000   Code   RO         2881    .ARM.Collect$$$$00000008  mc_p.l(entry7b.o)
    0x0001b0c8   0x0001b0c8   0x00000000   Code   RO         2883    .ARM.Collect$$$$0000000A  mc_p.l(entry8b.o)
    0x0001b0c8   0x0001b0c8   0x00000008   Code   RO         2884    .ARM.Collect$$$$0000000B  mc_p.l(entry9a.o)
    0x0001b0d0   0x0001b0d0   0x00000000   Code   RO         2886    .ARM.Collect$$$$0000000D  mc_p.l(entry10a.o)
    0x0001b0d0   0x0001b0d0   0x00000000   Code   RO         2888    .ARM.Collect$$$$0000000F  mc_p.l(entry11a.o)
    0x0001b0d0   0x0001b0d0   0x00000004   Code   RO         2877    .ARM.Collect$$$$00002712  mc_p.l(entry2.o)
    0x0001b0d4   0x0001b0d4   0x00000038   Code   RO         2559    .text               arm_startup_nrf51.o
    0x0001b10c   0x0001b10c   0x0000002c   Code   RO         2603    .text               mc_p.l(uidiv.o)
    0x0001b138   0x0001b138   0x00000024   Code   RO         2605    .text               mc_p.l(memcpya.o)
    0x0001b15c   0x0001b15c   0x00000024   Code   RO         2607    .text               mc_p.l(memseta.o)
    0x0001b180   0x0001b180   0x00000024   Code   RO         2903    .text               mc_p.l(init.o)
    0x0001b1a4   0x0001b1a4   0x00000060   Code   RO         1530    i.ADC_IRQHandler    nrf_drv_adc.o
    0x0001b204   0x0001b204   0x00000178   Code   RO         1138    i.GPIOTE_IRQHandler  nrf_drv_gpiote.o
    0x0001b37c   0x0001b37c   0x00000044   Code   RO         1809    i.NVIC_SetPriority  app_timer.o
    0x0001b3c0   0x0001b3c0   0x00000054   Code   RO          926    i.POWER_CLOCK_IRQHandler  nrf_drv_clock.o
    0x0001b414   0x0001b414   0x00000020   Code   RO         1810    i.RTC1_IRQHandler   app_timer.o
    0x0001b434   0x0001b434   0x00000008   Code   RO         1811    i.SWI0_IRQHandler   app_timer.o
    0x0001b43c   0x0001b43c   0x00000020   Code   RO         2425    i.SWI2_IRQHandler   softdevice_handler.o
    0x0001b45c   0x0001b45c   0x000000a0   Code   RO         2566    i.SystemInit        system_nrf51.o
    0x0001b4fc   0x0001b4fc   0x00000014   Code   RO         1353    i.UART0_IRQHandler  nrf_drv_uart.o
    0x0001b510   0x0001b510   0x00000020   Code   RO         2660    i.__0printf$1       mc_p.l(printf1.o)
    0x0001b530   0x0001b530   0x0000001a   Code   RO          492    i.__ARM_common_switch8  bsp.o
    0x0001b54a   0x0001b54a   0x0000000e   Code   RO         2917    i.__scatterload_copy  mc_p.l(handlers.o)
    0x0001b558   0x0001b558   0x00000002   Code   RO         2918    i.__scatterload_null  mc_p.l(handlers.o)
    0x0001b55a   0x0001b55a   0x0000000e   Code   RO         2919    i.__scatterload_zeroinit  mc_p.l(handlers.o)
    0x0001b568   0x0001b568   0x0000001c   Code   RO         2426    i.__sd_nvic_app_accessible_irq  softdevice_handler.o
    0x0001b584   0x0001b584   0x00000150   Code   RO         2667    i._printf_core      mc_p.l(printf1.o)
    0x0001b6d4   0x0001b6d4   0x00000060   Code   RO            3    i.adc_config        main.o
    0x0001b734   0x0001b734   0x000000ac   Code   RO            4    i.adc_event_handler  main.o
    0x0001b7e0   0x0001b7e0   0x00000060   Code   RO         1531    i.adc_sample_process  nrf_drv_adc.o
    0x0001b840   0x0001b840   0x0000018e   Code   RO          585    i.adv_data_encode   ble_advdata.o
    0x0001b9ce   0x0001b9ce   0x00000002   PAD
    0x0001b9d0   0x0001b9d0   0x00000068   Code   RO          670    i.adv_mode_next_avail_get  ble_advertising.o
    0x0001ba38   0x0001ba38   0x0000003c   Code   RO          511    i.advertising_buttons_configure  bsp_btn_ble.o
    0x0001ba74   0x0001ba74   0x0000000a   Code   RO          398    i.alert_timer_handler  bsp.o
    0x0001ba7e   0x0001ba7e   0x00000002   PAD
    0x0001ba80   0x0001ba80   0x00000024   Code   RO         1618    i.app_button_enable  app_button.o
    0x0001baa4   0x0001baa4   0x00000074   Code   RO         1619    i.app_button_init   app_button.o
    0x0001bb18   0x0001bb18   0x0000001c   Code   RO         1714    i.app_error_fault_handler  app_error_weak.o
    0x0001bb34   0x0001bb34   0x00000018   Code   RO         1676    i.app_error_handler_bare  app_error.o
    0x0001bb4c   0x0001bb4c   0x00000016   Code   RO         1741    i.app_fifo_get      app_fifo.o
    0x0001bb62   0x0001bb62   0x00000024   Code   RO         1742    i.app_fifo_init     app_fifo.o
    0x0001bb86   0x0001bb86   0x0000001a   Code   RO         1744    i.app_fifo_put      app_fifo.o
    0x0001bba0   0x0001bba0   0x00000030   Code   RO         1814    i.app_timer_create  app_timer.o
    0x0001bbd0   0x0001bbd0   0x00000074   Code   RO         1815    i.app_timer_init    app_timer.o
    0x0001bc44   0x0001bc44   0x00000088   Code   RO         1816    i.app_timer_start   app_timer.o
    0x0001bccc   0x0001bccc   0x00000028   Code   RO         1817    i.app_timer_stop    app_timer.o
    0x0001bcf4   0x0001bcf4   0x00000038   Code   RO         1956    i.app_uart_get      app_uart_fifo.o
    0x0001bd2c   0x0001bd2c   0x000000b0   Code   RO         1957    i.app_uart_init     app_uart_fifo.o
    0x0001bddc   0x0001bddc   0x00000040   Code   RO         1958    i.app_uart_put      app_uart_fifo.o
    0x0001be1c   0x0001be1c   0x0000003c   Code   RO         2013    i.app_util_critical_region_enter  app_util_platform.o
    0x0001be58   0x0001be58   0x0000002c   Code   RO         2014    i.app_util_critical_region_exit  app_util_platform.o
    0x0001be84   0x0001be84   0x00000084   Code   RO         1354    i.apply_config      nrf_drv_uart.o
    0x0001bf08   0x0001bf08   0x00000068   Code   RO          586    i.ble_advdata_set   ble_advdata.o
    0x0001bf70   0x0001bf70   0x0000015c   Code   RO          671    i.ble_advertising_init  ble_advertising.o
    0x0001c0cc   0x0001c0cc   0x00000058   Code   RO          672    i.ble_advertising_on_ble_evt  ble_advertising.o
    0x0001c124   0x0001c124   0x0000003c   Code   RO          675    i.ble_advertising_restart_without_whitelist  ble_advertising.o
    0x0001c160   0x0001c160   0x00000108   Code   RO          676    i.ble_advertising_start  ble_advertising.o
    0x0001c268   0x0001c268   0x00000054   Code   RO          764    i.ble_conn_params_init  ble_conn_params.o
    0x0001c2bc   0x0001c2bc   0x00000090   Code   RO          765    i.ble_conn_params_on_ble_evt  ble_conn_params.o
    0x0001c34c   0x0001c34c   0x0000005e   Code   RO          587    i.ble_device_addr_encode  ble_advdata.o
    0x0001c3aa   0x0001c3aa   0x00000002   PAD
    0x0001c3ac   0x0001c3ac   0x00000028   Code   RO            6    i.ble_evt_dispatch  main.o
    0x0001c3d4   0x0001c3d4   0x00000068   Code   RO          883    i.ble_nus_init      ble_nus.o
    0x0001c43c   0x0001c43c   0x0000005c   Code   RO          884    i.ble_nus_on_ble_evt  ble_nus.o
    0x0001c498   0x0001c498   0x00000054   Code   RO          885    i.ble_nus_string_send  ble_nus.o
    0x0001c4ec   0x0001c4ec   0x0000000e   Code   RO          830    i.ble_srv_is_notification_enabled  ble_srv_common.o
    0x0001c4fa   0x0001c4fa   0x00000002   PAD
    0x0001c4fc   0x0001c4fc   0x0000000c   Code   RO          286    i.bsp_board_button_idx_to_pin  boards.o
    0x0001c508   0x0001c508   0x00000020   Code   RO          287    i.bsp_board_button_state_get  boards.o
    0x0001c528   0x0001c528   0x00000020   Code   RO          290    i.bsp_board_led_invert  boards.o
    0x0001c548   0x0001c548   0x00000014   Code   RO          291    i.bsp_board_led_off  boards.o
    0x0001c55c   0x0001c55c   0x00000014   Code   RO          292    i.bsp_board_led_on  boards.o
    0x0001c570   0x0001c570   0x00000020   Code   RO          293    i.bsp_board_led_state_get  boards.o
    0x0001c590   0x0001c590   0x00000028   Code   RO          294    i.bsp_board_leds_init  boards.o
    0x0001c5b8   0x0001c5b8   0x00000012   Code   RO          295    i.bsp_board_leds_off  boards.o
    0x0001c5ca   0x0001c5ca   0x00000012   Code   RO          296    i.bsp_board_leds_on  boards.o
    0x0001c5dc   0x0001c5dc   0x00000024   Code   RO          297    i.bsp_board_pin_to_button_idx  boards.o
    0x0001c600   0x0001c600   0x00000040   Code   RO          512    i.bsp_btn_ble_init  bsp_btn_ble.o
    0x0001c640   0x0001c640   0x00000078   Code   RO          513    i.bsp_btn_ble_on_ble_evt  bsp_btn_ble.o
    0x0001c6b8   0x0001c6b8   0x00000022   Code   RO          514    i.bsp_btn_ble_sleep_mode_prepare  bsp_btn_ble.o
    0x0001c6da   0x0001c6da   0x00000002   PAD
    0x0001c6dc   0x0001c6dc   0x00000094   Code   RO          399    i.bsp_button_event_handler  bsp.o
    0x0001c770   0x0001c770   0x00000008   Code   RO          400    i.bsp_button_is_pressed  bsp.o
    0x0001c778   0x0001c778   0x00000064   Code   RO            7    i.bsp_event_handler  main.o
    0x0001c7dc   0x0001c7dc   0x00000048   Code   RO          403    i.bsp_event_to_button_action_assign  bsp.o
    0x0001c824   0x0001c824   0x0000001c   Code   RO          404    i.bsp_indication_set  bsp.o
    0x0001c840   0x0001c840   0x00000098   Code   RO          405    i.bsp_init          bsp.o
    0x0001c8d8   0x0001c8d8   0x00000180   Code   RO          406    i.bsp_led_indication  bsp.o
    0x0001ca58   0x0001ca58   0x00000010   Code   RO          408    i.bsp_wakeup_button_enable  bsp.o
    0x0001ca68   0x0001ca68   0x0000000c   Code   RO          409    i.button_timer_handler  bsp.o
    0x0001ca74   0x0001ca74   0x0000001c   Code   RO         1139    i.channel_free      nrf_drv_gpiote.o
    0x0001ca90   0x0001ca90   0x00000048   Code   RO         1140    i.channel_port_alloc  nrf_drv_gpiote.o
    0x0001cad8   0x0001cad8   0x00000010   Code   RO         1141    i.channel_port_get  nrf_drv_gpiote.o
    0x0001cae8   0x0001cae8   0x00000028   Code   RO          927    i.clock_clk_started_notify  nrf_drv_clock.o
    0x0001cb10   0x0001cb10   0x000000a8   Code   RO         1819    i.compare_reg_update  app_timer.o
    0x0001cbb8   0x0001cbb8   0x00000088   Code   RO          588    i.conn_int_encode   ble_advdata.o
    0x0001cc40   0x0001cc40   0x00000008   Code   RO            8    i.conn_params_error_handler  main.o
    0x0001cc48   0x0001cc48   0x00000068   Code   RO          767    i.conn_params_negotiation  ble_conn_params.o
    0x0001ccb0   0x0001ccb0   0x00000060   Code   RO         1621    i.detection_delay_timeout_handler  app_button.o
    0x0001cd10   0x0001cd10   0x00000040   Code   RO         1820    i.elapsed_ticks_acquire  app_timer.o
    0x0001cd50   0x0001cd50   0x00000014   Code   RO         1747    i.fifo_get          app_fifo.o
    0x0001cd64   0x0001cd64   0x00000012   Code   RO         1748    i.fifo_put          app_fifo.o
    0x0001cd76   0x0001cd76   0x0000000e   Code   RO         2202    i.fputc             retarget.o
    0x0001cd84   0x0001cd84   0x00000018   Code   RO         2066    i.fs_queued_op_count_get  fstorage.o
    0x0001cd9c   0x0001cd9c   0x00000050   Code   RO         1622    i.gpiote_event_handler  app_button.o
    0x0001cdec   0x0001cdec   0x00000080   Code   RO         2427    i.intern_softdevice_events_execute  softdevice_handler.o
    0x0001ce6c   0x0001ce6c   0x0000001c   Code   RO          768    i.is_conn_params_ok  ble_conn_params.o
    0x0001ce88   0x0001ce88   0x00000048   Code   RO         2567    i.is_manual_peripheral_setup_needed  system_nrf51.o
    0x0001ced0   0x0001ced0   0x00000018   Code   RO          410    i.leds_timer_handler  bsp.o
    0x0001cee8   0x0001cee8   0x000000ac   Code   RO         1821    i.list_deletions_handler  app_timer.o
    0x0001cf94   0x0001cf94   0x000000bc   Code   RO         1822    i.list_insertions_handler  app_timer.o
    0x0001d050   0x0001d050   0x00000270   Code   RO            9    i.main              main.o
    0x0001d2c0   0x0001d2c0   0x00000068   Code   RO          589    i.manuf_specific_data_encode  ble_advdata.o
    0x0001d328   0x0001d328   0x0000009e   Code   RO          590    i.name_encode       ble_advdata.o
    0x0001d3c6   0x0001d3c6   0x00000002   PAD
    0x0001d3c8   0x0001d3c8   0x00000014   Code   RO         1532    i.nrf_adc_event_check  nrf_drv_adc.o
    0x0001d3dc   0x0001d3dc   0x00000010   Code   RO         1142    i.nrf_bitmask_bit_is_set  nrf_drv_gpiote.o
    0x0001d3ec   0x0001d3ec   0x00000010   Code   RO          931    i.nrf_clock_event_check  nrf_drv_clock.o
    0x0001d3fc   0x0001d3fc   0x00000030   Code   RO         1823    i.nrf_delay_us      app_timer.o
    0x0001d42c   0x0001d42c   0x00000064   Code   RO         1533    i.nrf_drv_adc_buffer_convert  nrf_drv_adc.o
    0x0001d490   0x0001d490   0x00000020   Code   RO         1535    i.nrf_drv_adc_channel_enable  nrf_drv_adc.o
    0x0001d4b0   0x0001d4b0   0x00000040   Code   RO         1536    i.nrf_drv_adc_init  nrf_drv_adc.o
    0x0001d4f0   0x0001d4f0   0x0000000c   Code   RO         1538    i.nrf_drv_adc_sample  nrf_drv_adc.o
    0x0001d4fc   0x0001d4fc   0x00000048   Code   RO          938    i.nrf_drv_clock_init  nrf_drv_clock.o
    0x0001d544   0x0001d544   0x00000034   Code   RO          945    i.nrf_drv_clock_on_sd_enable  nrf_drv_clock.o
    0x0001d578   0x0001d578   0x0000000c   Code   RO          946    i.nrf_drv_clock_on_soc_event  nrf_drv_clock.o
    0x0001d584   0x0001d584   0x00000060   Code   RO         1097    i.nrf_drv_common_irq_enable  nrf_drv_common.o
    0x0001d5e4   0x0001d5e4   0x00000098   Code   RO         1145    i.nrf_drv_gpiote_in_event_enable  nrf_drv_gpiote.o
    0x0001d67c   0x0001d67c   0x000000a8   Code   RO         1146    i.nrf_drv_gpiote_in_init  nrf_drv_gpiote.o
    0x0001d724   0x0001d724   0x00000014   Code   RO         1147    i.nrf_drv_gpiote_in_is_set  nrf_drv_gpiote.o
    0x0001d738   0x0001d738   0x0000005c   Code   RO         1149    i.nrf_drv_gpiote_init  nrf_drv_gpiote.o
    0x0001d794   0x0001d794   0x00000010   Code   RO         1150    i.nrf_drv_gpiote_is_init  nrf_drv_gpiote.o
    0x0001d7a4   0x0001d7a4   0x00000080   Code   RO         1356    i.nrf_drv_uart_init  nrf_drv_uart.o
    0x0001d824   0x0001d824   0x0000005c   Code   RO         1357    i.nrf_drv_uart_rx   nrf_drv_uart.o
    0x0001d880   0x0001d880   0x0000002c   Code   RO         1360    i.nrf_drv_uart_rx_enable  nrf_drv_uart.o
    0x0001d8ac   0x0001d8ac   0x000000a8   Code   RO         1361    i.nrf_drv_uart_rx_for_uart  nrf_drv_uart.o
    0x0001d954   0x0001d954   0x00000034   Code   RO         1362    i.nrf_drv_uart_tx   nrf_drv_uart.o
    0x0001d988   0x0001d988   0x0000008c   Code   RO         1364    i.nrf_drv_uart_tx_for_uart  nrf_drv_uart.o
    0x0001da14   0x0001da14   0x00000018   Code   RO         1365    i.nrf_drv_uart_tx_in_progress  nrf_drv_uart.o
    0x0001da2c   0x0001da2c   0x00000028   Code   RO          299    i.nrf_gpio_cfg      boards.o
    0x0001da54   0x0001da54   0x00000028   Code   RO         1162    i.nrf_gpio_cfg      nrf_drv_gpiote.o
    0x0001da7c   0x0001da7c   0x00000028   Code   RO         1367    i.nrf_gpio_cfg      nrf_drv_uart.o
    0x0001daa4   0x0001daa4   0x00000012   Code   RO         1369    i.nrf_gpio_cfg_input  nrf_drv_uart.o
    0x0001dab6   0x0001dab6   0x00000014   Code   RO         1370    i.nrf_gpio_cfg_output  nrf_drv_uart.o
    0x0001daca   0x0001daca   0x00000022   Code   RO          411    i.nrf_gpio_cfg_sense_set  bsp.o
    0x0001daec   0x0001daec   0x00000022   Code   RO         1164    i.nrf_gpio_cfg_sense_set  nrf_drv_gpiote.o
    0x0001db0e   0x0001db0e   0x00000002   PAD
    0x0001db10   0x0001db10   0x00000018   Code   RO          300    i.nrf_gpio_pin_write  boards.o
    0x0001db28   0x0001db28   0x00000028   Code   RO         1165    i.nrf_gpio_ports_read  nrf_drv_gpiote.o
    0x0001db50   0x0001db50   0x00000010   Code   RO         1166    i.nrf_gpiote_event_clear  nrf_drv_gpiote.o
    0x0001db60   0x0001db60   0x00000014   Code   RO         1167    i.nrf_gpiote_event_is_set  nrf_drv_gpiote.o
    0x0001db74   0x0001db74   0x0000000a   Code   RO         1371    i.nrf_uart_event_check  nrf_drv_uart.o
    0x0001db7e   0x0001db7e   0x00000010   Code   RO         1372    i.nrf_uart_int_enable_check  nrf_drv_uart.o
    0x0001db8e   0x0001db8e   0x00000030   Code   RO           10    i.nus_data_handler  main.o
    0x0001dbbe   0x0001dbbe   0x00000020   Code   RO           11    i.on_adv_evt        main.o
    0x0001dbde   0x0001dbde   0x00000002   PAD
    0x0001dbe0   0x0001dbe0   0x000000d0   Code   RO           12    i.on_ble_evt        main.o
    0x0001dcb0   0x0001dcb0   0x00000020   Code   RO           13    i.on_conn_params_evt  main.o
    0x0001dcd0   0x0001dcd0   0x00000018   Code   RO         1168    i.pin_in_use_by_port  nrf_drv_gpiote.o
    0x0001dce8   0x0001dce8   0x00000018   Code   RO         1169    i.pin_in_use_by_te  nrf_drv_gpiote.o
    0x0001dd00   0x0001dd00   0x00000044   Code   RO         1824    i.rtc1_stop         app_timer.o
    0x0001dd44   0x0001dd44   0x00000026   Code   RO         1373    i.rx_byte           nrf_drv_uart.o
    0x0001dd6a   0x0001dd6a   0x0000009e   Code   RO          886    i.rx_char_add       ble_nus.o
    0x0001de08   0x0001de08   0x00000014   Code   RO         1374    i.rx_done_event     nrf_drv_uart.o
    0x0001de1c   0x0001de1c   0x0000001a   Code   RO         1375    i.rx_enable         nrf_drv_uart.o
    0x0001de36   0x0001de36   0x00000002   PAD
    0x0001de38   0x0001de38   0x00000084   Code   RO         2429    i.sd_nvic_EnableIRQ  softdevice_handler.o
    0x0001debc   0x0001debc   0x0000008e   Code   RO          591    i.service_data_encode  ble_advdata.o
    0x0001df4a   0x0001df4a   0x00000002   PAD
    0x0001df4c   0x0001df4c   0x00000058   Code   RO          678    i.set_adv_mode_fast  ble_advertising.o
    0x0001dfa4   0x0001dfa4   0x00000054   Code   RO          679    i.set_adv_mode_slow  ble_advertising.o
    0x0001dff8   0x0001dff8   0x00000028   Code   RO           14    i.sleep_mode_enter  main.o
    0x0001e020   0x0001e020   0x00000014   Code   RO         2430    i.softdevice_ble_evt_handler_set  softdevice_handler.o
    0x0001e034   0x0001e034   0x00000014   Code   RO         2431    i.softdevice_enable  softdevice_handler.o
    0x0001e048   0x0001e048   0x00000028   Code   RO         2432    i.softdevice_enable_get_default_config  softdevice_handler.o
    0x0001e070   0x0001e070   0x00000008   Code   RO         2433    i.softdevice_fault_handler  softdevice_handler.o
    0x0001e078   0x0001e078   0x00000058   Code   RO         2434    i.softdevice_handler_init  softdevice_handler.o
    0x0001e0d0   0x0001e0d0   0x0000000c   Code   RO         2435    i.softdevice_handler_is_enabled  softdevice_handler.o
    0x0001e0dc   0x0001e0dc   0x00000084   Code   RO         1825    i.timer_list_handler  app_timer.o
    0x0001e160   0x0001e160   0x00000010   Code   RO         1826    i.timer_list_handler_sched  app_timer.o
    0x0001e170   0x0001e170   0x00000040   Code   RO         1827    i.timer_list_insert  app_timer.o
    0x0001e1b0   0x0001e1b0   0x00000048   Code   RO         1828    i.timer_stop_op_schedule  app_timer.o
    0x0001e1f8   0x0001e1f8   0x00000080   Code   RO         1829    i.timer_timeouts_check  app_timer.o
    0x0001e278   0x0001e278   0x0000001e   Code   RO         1376    i.tx_byte           nrf_drv_uart.o
    0x0001e296   0x0001e296   0x00000080   Code   RO          887    i.tx_char_add       ble_nus.o
    0x0001e316   0x0001e316   0x00000018   Code   RO         1377    i.tx_done_event     nrf_drv_uart.o
    0x0001e32e   0x0001e32e   0x00000002   PAD
    0x0001e330   0x0001e330   0x00000060   Code   RO           15    i.uart_event_handle  main.o
    0x0001e390   0x0001e390   0x000000a8   Code   RO         1959    i.uart_event_handler  app_uart_fifo.o
    0x0001e438   0x0001e438   0x00000128   Code   RO         1378    i.uart_irq_handler  nrf_drv_uart.o
    0x0001e560   0x0001e560   0x0000000a   Code   RO          592    i.uint16_encode     ble_advdata.o
    0x0001e56a   0x0001e56a   0x00000002   PAD
    0x0001e56c   0x0001e56c   0x00000064   Code   RO          769    i.update_timeout_handler  ble_conn_params.o
    0x0001e5d0   0x0001e5d0   0x0000002c   Code   RO         1830    i.user_op_alloc     app_timer.o
    0x0001e5fc   0x0001e5fc   0x00000030   Code   RO          593    i.uuid_list_encode  ble_advdata.o
    0x0001e62c   0x0001e62c   0x000000ae   Code   RO          594    i.uuid_list_sized_encode  ble_advdata.o
    0x0001e6da   0x0001e6da   0x00000002   PAD
    0x0001e6dc   0x0001e6dc   0x00000018   Code   RO          680    i.whitelist_has_entries  ble_advertising.o
    0x0001e6f4   0x0001e6f4   0x00000020   Data   RO           17    .constdata          main.o
    0x0001e714   0x0001e714   0x00000008   Data   RO          301    .constdata          boards.o
    0x0001e71c   0x0001e71c   0x0000002c   Data   RO          416    .constdata          bsp.o
    0x0001e748   0x0001e748   0x00000004   Data   RO          772    .constdata          ble_conn_params.o
    0x0001e74c   0x0001e74c   0x00000010   Data   RO          888    .constdata          ble_nus.o
    0x0001e75c   0x0001e75c   0x00000004   Data   RO         1171    .constdata          nrf_drv_gpiote.o
    0x0001e760   0x0001e760   0x00000001   Data   RO         1542    .constdata          nrf_drv_adc.o
    0x0001e761   0x0001e761   0x00000003   PAD
    0x0001e764   0x0001e764   0x00000008   Data   RO         1624    .constdata          app_button.o
    0x0001e76c   0x0001e76c   0x00000020   Data   RO         1961    .constdata          app_uart_fifo.o
    0x0001e78c   0x0001e78c   0x00000020   Data   RO         2915    Region$$Table       anon$$obj.o


    Execution Region RW_IRAM1 (Exec base: 0x20001fe8, Load base: 0x0001e7ac, Size: 0x00000f70, Max: 0x00006018, ABSOLUTE)

    Exec Addr    Load Addr    Size         Type   Attr      Idx    E Section Name        Object

    0x20001fe8   0x0001e7ac   0x0000002c   Data   RW           18    .data               main.o
    0x20002014   0x0001e7d8   0x00000014   Data   RW          417    .data               bsp.o
    0x20002028   0x0001e7ec   0x00000008   Data   RW          515    .data               bsp_btn_ble.o
    0x20002030   0x0001e7f4   0x00000030   Data   RW          684    .data               ble_advertising.o
    0x20002060   0x0001e824   0x00000014   Data   RW          773    .data               ble_conn_params.o
    0x20002074   0x0001e838   0x00000014   Data   RW         1625    .data               app_button.o
    0x20002088   0x0001e84c   0x00000020   Data   RW         1831    .data               app_timer.o
    0x200020a8   0x0001e86c   0x00000010   Data   RW         1962    .data               app_uart_fifo.o
    0x200020b8   0x0001e87c   0x0000000c   Data   RW         2017    .data               app_util_platform.o
    0x200020c4   0x0001e888   0x00000004   Data   RW         2203    .data               retarget.o
    0x200020c8   0x0001e88c   0x00000014   Data   RW         2441    .data               softdevice_handler.o
    0x200020dc   0x0001e8a0   0x00000004   Data   RW         2568    .data               system_nrf51.o
    0x200020e0        -       0x000002f0   Zero   RW           16    .bss                main.o
    0x200023d0        -       0x00000020   Zero   RW          412    .bss                bsp.o
    0x200023f0        -       0x00000020   Zero   RW          413    .bss                bsp.o
    0x20002410        -       0x0000000c   Zero   RW          414    .bss                bsp.o
    0x2000241c        -       0x00000020   Zero   RW          415    .bss                bsp.o
    0x2000243c        -       0x0000016b   Zero   RW          681    .bss                ble_advertising.o
    0x200025a7   0x0001e8a4   0x00000001   PAD
    0x200025a8        -       0x00000020   Zero   RW          682    .bss                ble_advertising.o
    0x200025c8        -       0x00000020   Zero   RW          683    .bss                ble_advertising.o
    0x200025e8        -       0x00000020   Zero   RW          770    .bss                ble_conn_params.o
    0x20002608        -       0x0000001c   Zero   RW          771    .bss                ble_conn_params.o
    0x20002624        -       0x00000014   Zero   RW          948    .bss                nrf_drv_clock.o
    0x20002638        -       0x00000048   Zero   RW         1170    .bss                nrf_drv_gpiote.o
    0x20002680        -       0x0000001c   Zero   RW         1379    .bss                nrf_drv_uart.o
    0x2000269c        -       0x00000014   Zero   RW         1541    .bss                nrf_drv_adc.o
    0x200026b0        -       0x00000020   Zero   RW         1623    .bss                app_button.o
    0x200026d0        -       0x00000020   Zero   RW         1960    .bss                app_uart_fifo.o
    0x200026f0        -       0x00000068   Zero   RW         2075    .bss                fstorage.o
    0x20002758        -       0x00000800   Zero   RW         2556    STACK               arm_startup_nrf51.o


==============================================================================

Image component sizes


      Code (inc. data)   RO Data    RW Data    ZI Data      Debug   Object Name

       328         34          8         20         32       8966   app_button.o
        24          4          0          0          0       2217   app_error.o
        28         10          0          0          0       7138   app_error_weak.o
       122          0          0          0          0       4774   app_fifo.o
      1612        158          0         32          0      43235   app_timer.o
       464         44         32         16         32      10370   app_uart_fifo.o
       104         20          0         12          0       6462   app_util_platform.o
        56         18        192          0       2048        708   arm_startup_nrf51.o
      1368          6          0          0          0      30624   ble_advdata.o
      1060         72          0         48        427      11216   ble_advertising.o
       460         60          4         20         60       5508   ble_conn_params.o
       566         12         16          0          0       5546   ble_nus.o
        14          0          0          0          0       1402   ble_srv_common.o
       324         58          8          0          0      12384   boards.o
       914         86         44         20        108      14175   bsp.o
       278         12          0          8          0       4765   bsp_btn_ble.o
        24          6          0          0        104       3772   fstorage.o
      1496        210         32         44        752     116411   main.o
       420         78          1          0         20       9799   nrf_drv_adc.o
       276         38          0          0         20      11900   nrf_drv_clock.o
        96         18          0          0          0       9084   nrf_drv_common.o
      1154        100          4          0         72      27964   nrf_drv_gpiote.o
      1338         52          0          0         28      30158   nrf_drv_uart.o
        14          0          0          4          0       2822   retarget.o
       508         66          0         20          0      21419   softdevice_handler.o
       232         36          0          4          0       2355   system_nrf51.o

    ----------------------------------------------------------------------
     13306       1198        376        248       3704     405174   Object Totals
         0          0         32          0          0          0   (incl. Generated)
        26          0          3          0          1          0   (incl. Padding)

    ----------------------------------------------------------------------

      Code (inc. data)   RO Data    RW Data    ZI Data      Debug   Library Member Name

         0          0          0          0          0          0   entry.o
         0          0          0          0          0          0   entry10a.o
         0          0          0          0          0          0   entry11a.o
         8          4          0          0          0          0   entry2.o
         4          0          0          0          0          0   entry5.o
         0          0          0          0          0          0   entry7b.o
         0          0          0          0          0          0   entry8b.o
         8          4          0          0          0          0   entry9a.o
        30          0          0          0          0          0   handlers.o
        36          8          0          0          0         68   init.o
        36          0          0          0          0         60   memcpya.o
        36          0          0          0          0        100   memseta.o
       368         12          0          0          0        168   printf1.o
        44          0          0          0          0         72   uidiv.o

    ----------------------------------------------------------------------
       570         28          0          0          0        468   Library Totals
         0          0          0          0          0          0   (incl. Padding)

    ----------------------------------------------------------------------

      Code (inc. data)   RO Data    RW Data    ZI Data      Debug   Library Name

       570         28          0          0          0        468   mc_p.l

    ----------------------------------------------------------------------
       570         28          0          0          0        468   Library Totals

    ----------------------------------------------------------------------

==============================================================================


      Code (inc. data)   RO Data    RW Data    ZI Data      Debug   

     13876       1226        376        248       3704     398314   Grand Totals
     13876       1226        376        248       3704     398314   ELF Image Totals
     13876       1226        376        248          0          0   ROM Totals

==============================================================================

    Total RO  Size (Code + RO Data)                14252 (  13.92kB)
    Total RW  Size (RW Data + ZI Data)              3952 (   3.86kB)
    Total ROM Size (Code + RO Data + RW Data)      14500 (  14.16kB)

==============================================================================

